Component: ARM Compiler 5.06 update 1 (build 61) Tool: armlink [4d35a8]

==============================================================================

Section Cross References

    algebra.o(i.cholF) refers to algebra.o(i.__ARM_isnanf) for __ARM_isnanf
    algebra.o(i.matrixDiv_f32) refers to algebra.o(i.qrDecompositionT_f32) for qrDecompositionT_f32
    algebra.o(i.matrixDiv_f32) refers to arm_mat_mult_f32.o(.text) for arm_mat_mult_f32
    algebra.o(i.matrixFree) refers to malloc.o(i.free) for free
    algebra.o(i.matrixInit) refers to util.o(i.aqDataCalloc) for aqDataCalloc
    algebra.o(i.matrixInit) refers to arm_mat_init_f32.o(.text) for arm_mat_init_f32
    algebra.o(i.matrixInit) refers to arm_fill_f32.o(.text) for arm_fill_f32
    algebra.o(i.qrDecompositionT_f32) refers to arm_fill_f32.o(.text) for arm_fill_f32
    algebra.o(i.svd) refers to f2d.o(.text) for __aeabi_f2d
    algebra.o(i.svd) refers to dflti.o(.text) for __aeabi_i2d
    algebra.o(i.svd) refers to dmul.o(.text) for __aeabi_dmul
    algebra.o(i.svd) refers to d2f.o(.text) for __aeabi_d2f
    algebra.o(i.svd) refers to dadd.o(.text) for __aeabi_drsub
    algebra.o(i.svd) refers to cdcmple.o(.text) for __aeabi_cdcmple
    alt_ukf.o(i.altDoPresUpdate) refers to nav_ukf.o(i.navUkfPresToAlt) for navUkfPresToAlt
    alt_ukf.o(i.altDoPresUpdate) refers to srcdkf.o(i.srcdkfMeasurementUpdate) for srcdkfMeasurementUpdate
    alt_ukf.o(i.altDoPresUpdate) refers to alt_ukf.o(i.altUkfPresUpdate) for altUkfPresUpdate
    alt_ukf.o(i.altDoPresUpdate) refers to alt_ukf.o(.data) for altUkfData
    alt_ukf.o(i.altUkfInit) refers to srcdkf.o(i.srcdkfInit) for srcdkfInit
    alt_ukf.o(i.altUkfInit) refers to srcdkf.o(i.srcdkfGetState) for srcdkfGetState
    alt_ukf.o(i.altUkfInit) refers to srcdkf.o(i.srcdkfSetVariance) for srcdkfSetVariance
    alt_ukf.o(i.altUkfInit) refers to nav_ukf.o(i.navUkfPresToAlt) for navUkfPresToAlt
    alt_ukf.o(i.altUkfInit) refers to alt_ukf.o(.data) for altUkfData
    alt_ukf.o(i.altUkfInit) refers to alt_ukf.o(i.altUkfTimeUpdate) for altUkfTimeUpdate
    alt_ukf.o(i.altUkfInit) refers to ms5611.o(.bss) for ms5611Data
    alt_ukf.o(i.altUkfProcess) refers to nav_ukf.o(i.navUkfRotateVectorByQuat) for navUkfRotateVectorByQuat
    alt_ukf.o(i.altUkfProcess) refers to srcdkf.o(i.srcdkfTimeUpdate) for srcdkfTimeUpdate
    alt_ukf.o(i.altUkfProcess) refers to alt_ukf.o(i.altDoPresUpdate) for altDoPresUpdate
    alt_ukf.o(i.altUkfProcess) refers to mpu6000.o(.bss) for mpu6000Data
    alt_ukf.o(i.altUkfProcess) refers to nav_ukf.o(.bss) for navUkfData
    alt_ukf.o(i.altUkfProcess) refers to alt_ukf.o(.data) for altUkfData
    comm.o(i.CRYP_IRQHandler) refers to comm.o(i.commSchedule) for commSchedule
    comm.o(i._commSchedule) refers to serial.o(i._serialStartTxDMA) for _serialStartTxDMA
    comm.o(i._commSchedule) refers to comm.o(.ccm) for commData
    comm.o(i._commSchedule) refers to comm.o(i.commTxFinished) for commTxFinished
    comm.o(i.commAvailable) refers to serial.o(i.serialAvailable) for serialAvailable
    comm.o(i.commAvailable) refers to usb.o(i.usbAvailable) for usbAvailable
    comm.o(i.commAvailable) refers to comm.o(.ccm) for commData
    comm.o(i.commCheckNotices) refers to queue.o(i.xQueueGenericReceive) for xQueueGenericReceive
    comm.o(i.commCheckNotices) refers to comm.o(.ccm) for commData
    comm.o(i.commCheckRcvr) refers to comm.o(i.commAvailable) for commAvailable
    comm.o(i.commCheckRcvr) refers to comm.o(.ccm) for commData
    comm.o(i.commCheckTelem) refers to comm.o(.ccm) for commData
    comm.o(i.commGetNoticeBuf) refers to comm.o(.ccm) for commData
    comm.o(i.commGetTxBuf) refers to queue.o(i.xQueueGenericReceive) for xQueueGenericReceive
    comm.o(i.commGetTxBuf) refers to queue.o(i.xQueueGenericSend) for xQueueGenericSend
    comm.o(i.commGetTxBuf) refers to comm.o(.ccm) for commData
    comm.o(i.commInit) refers to memseta.o(.text) for __aeabi_memclr4
    comm.o(i.commInit) refers to serial.o(i.serialOpen) for serialOpen
    comm.o(i.commInit) refers to comm.o(i.commSetTypesUsed) for commSetTypesUsed
    comm.o(i.commInit) refers to util.o(i.aqCalloc) for aqCalloc
    comm.o(i.commInit) refers to misc.o(i.NVIC_Init) for NVIC_Init
    comm.o(i.commInit) refers to queue.o(i.xQueueCreateMutex) for xQueueCreateMutex
    comm.o(i.commInit) refers to queue.o(i.xQueueGenericCreate) for xQueueGenericCreate
    comm.o(i.commInit) refers to tasks.o(i.xTaskCreate) for xTaskCreate
    comm.o(i.commInit) refers to usb.o(i.usbInit) for usbInit
    comm.o(i.commInit) refers to comm.o(.ccm) for commData
    comm.o(i.commInit) refers to config.o(.ccm) for p
    comm.o(i.commInit) refers to comm.o(.data) for commTaskHandle
    comm.o(i.commInit) refers to comm.o(i.commTaskCode) for commTaskCode
    comm.o(i.commNotice) refers to queue.o(i.xQueueGenericSend) for xQueueGenericSend
[...]
    .constdata                               0x0800b47c   Section      162  d_imu.o(.constdata)
    .constdata                               0x0800b51e   Section     6080  lcd.o(.constdata)
    .ccm                                     0x10000000   Section     4380  comm.o(.ccm)
    .ccm                                     0x1000111c   Section     1176  config.o(.ccm)
    .ccm                                     0x100015b4   Section       56  d_imu.o(.ccm)
    .ccm                                     0x100015ec   Section       16  supervisor.o(.ccm)
    .ccm                                     0x100015fc   Section      168  uwb.o(.ccm)
    .ccm                                     0x100016a4   Section       16  pwm.o(.ccm)
    .ccm                                     0x100016b8   Section       40  sh79f329.o(.ccm)
    .ccm                                     0x100016e0   Section      256  sdio.o(.ccm)
    .data                                    0x20000000   Section        8  d_imu.o(.data)
    .data                                    0x20000008   Section       10  hmc5983.o(.data)
    rxBuf                                    0x2000000c   Data           2  hmc5983.o(.data)
    rxBuf                                    0x2000000e   Data           2  hmc5983.o(.data)
    txBuf                                    0x20000010   Data           2  hmc5983.o(.data)
    .data                                    0x20000014   Section        8  main.o(.data)
    .data                                    0x2000001c   Section       28  serial.o(.data)
    .data                                    0x20000038   Section        4  supervisor.o(.data)
    .data                                    0x20000040   Section        8  tick.o(.data)
    .data                                    0x20000048   Section       28  sh79f329.o(.data)
    .data                                    0x20000064   Section       60  tasks.o(.data)
    pxDelayedTaskList                        0x20000068   Data           4  tasks.o(.data)
    pxOverflowDelayedTaskList                0x2000006c   Data           4  tasks.o(.data)
    uxDeletedTasksWaitingCleanUp             0x20000070   Data           4  tasks.o(.data)
    uxCurrentNumberOfTasks                   0x20000074   Data           4  tasks.o(.data)
    xTickCount                               0x20000078   Data           4  tasks.o(.data)
    uxTopReadyPriority                       0x2000007c   Data           4  tasks.o(.data)
    xSchedulerRunning                        0x20000080   Data           4  tasks.o(.data)
    uxPendedTicks                            0x20000084   Data           4  tasks.o(.data)
    xYieldPending                            0x20000088   Data           4  tasks.o(.data)
    xNumOfOverflows                          0x2000008c   Data           4  tasks.o(.data)
    uxTaskNumber                             0x20000090   Data           4  tasks.o(.data)
    xNextTaskUnblockTime                     0x20000094   Data           4  tasks.o(.data)
    xIdleTaskHandle                          0x20000098   Data           4  tasks.o(.data)
    uxSchedulerSuspended                     0x2000009c   Data           4  tasks.o(.data)
    .data                                    0x200000a0   Section       20  timers.o(.data)
    pxCurrentTimerList                       0x200000a0   Data           4  timers.o(.data)
    pxOverflowTimerList                      0x200000a4   Data           4  timers.o(.data)
    xTimerQueue                              0x200000a8   Data           4  timers.o(.data)
    xTimerTaskHandle                         0x200000ac   Data           4  timers.o(.data)
    xLastTime                                0x200000b0   Data           4  timers.o(.data)
    .data                                    0x200000b4   Section       12  port.o(.data)
    uxCriticalNesting                        0x200000b4   Data           4  port.o(.data)
    ucMaxSysCallPriority                     0x200000b8   Data           1  port.o(.data)
    ulMaxPRIGROUPValue                       0x200000bc   Data           4  port.o(.data)
    .data                                    0x200000c0   Section       24  heap_4.o(.data)
    xStart                                   0x200000c0   Data           8  heap_4.o(.data)
    pxEnd                                    0x200000c8   Data           4  heap_4.o(.data)
    xFreeBytesRemaining                      0x200000cc   Data           4  heap_4.o(.data)
    xMinimumEverFreeBytesRemaining           0x200000d0   Data           4  heap_4.o(.data)
    xBlockAllocatedBit                       0x200000d4   Data           4  heap_4.o(.data)
    .data                                    0x200000d8   Section       16  stm32f4xx_rcc.o(.data)
    APBAHBPrescTable                         0x200000d8   Data          16  stm32f4xx_rcc.o(.data)
    .data                                    0x200000e8   Section        6  usart.o(.data)
    .data                                    0x200000ee   Section        4  lcd.o(.data)
    .data                                    0x200000f2   Section        1  key.o(.data)
    key_up                                   0x200000f2   Data           1  key.o(.data)
    .data                                    0x200000f4   Section       52  usbd_core.o(.data)
    .data                                    0x20000128   Section       13  usbd_req.o(.data)
    cfgidx                                   0x20000134   Data           1  usbd_req.o(.data)
    .bss                                     0x20000138   Section       92  ext_irq.o(.bss)
    .bss                                     0x20000194   Section     1424  mpu6000.o(.bss)
    .bss                                     0x20000724   Section       16  rcc.o(.bss)
    .bss                                     0x20000734   Section      360  spi.o(.bss)
    .bss                                     0x2000089c   Section       64  queue.o(.bss)
    .bss                                     0x200008dc   Section      740  tasks.o(.bss)
    pxReadyTasksLists                        0x200008dc   Data         640  tasks.o(.bss)
    xDelayedTaskList1                        0x20000b5c   Data          20  tasks.o(.bss)
    xDelayedTaskList2                        0x20000b70   Data          20  tasks.o(.bss)
    xPendingReadyList                        0x20000b84   Data          20  tasks.o(.bss)
    xTasksWaitingTermination                 0x20000b98   Data          20  tasks.o(.bss)
    xSuspendedTaskList                       0x20000bac   Data          20  tasks.o(.bss)
    .bss                                     0x20000bc0   Section       40  timers.o(.bss)
    xActiveTimerList1                        0x20000bc0   Data          20  timers.o(.bss)
    xActiveTimerList2                        0x20000bd4   Data          20  timers.o(.bss)
    .bss                                     0x20000be8   Section    20480  heap_4.o(.bss)
    ucHeap                                   0x20000be8   Data       20480  heap_4.o(.bss)
    .bss                                     0x20005be8   Section       14  lcd.o(.bss)
    .bss                                     0x20005bf8   Section     1524  usb.o(.bss)
    STACK                                    0x200061f0   Section     4096  startup_stm32f40_41xxx.o(STACK)

    Global Symbols

    Symbol Name                              Value     Ov Type        Size  Object(Section)

    BuildAttributes$$THM_ISAv4$E$P$D$K$B$S$7EM$VFPi3$EXTD16$VFPS$VFMA$PE$A:L22UL41UL21$X:L11$S22US41US21$IEEE1$IW$USESV6$~STKCKD$USESV7$~SHL$OTIME$ROPI$IEEEX$EBA8$MICROLIB$REQ8$PRES8$EABIv2 0x00000000   Number         0  anon$$obj.o ABSOLUTE
    __ARM_use_no_argv                        0x00000000   Number         0  main.o ABSOLUTE
    __use_no_errno                           0x00000000   Number         0  useno.o ABSOLUTE
    __use_no_exception_handling              0x00000000   Number         0  useno.o ABSOLUTE
    __use_no_fp                              0x00000000   Number         0  useno.o ABSOLUTE
    __use_no_heap                            0x00000000   Number         0  useno.o ABSOLUTE
    __use_no_heap_region                     0x00000000   Number         0  useno.o ABSOLUTE
    __use_no_semihosting                     0x00000000   Number         0  useno.o ABSOLUTE
    __use_no_semihosting_swi                 0x00000000   Number         0  useno.o ABSOLUTE
    __use_no_signal_handling                 0x00000000   Number         0  useno.o ABSOLUTE
    _printf_a                                0x00000000   Number         0  stubs.o ABSOLUTE
    _printf_c                                0x00000000   Number         0  stubs.o ABSOLUTE
    _printf_charcount                        0x00000000   Number         0  stubs.o ABSOLUTE
    _printf_d                                0x00000000   Number         0  stubs.o ABSOLUTE
    _printf_e                                0x00000000   Number         0  stubs.o ABSOLUTE
    _printf_f                                0x00000000   Number         0  stubs.o ABSOLUTE
    _printf_flags                            0x00000000   Number         0  stubs.o ABSOLUTE
    _printf_fp_dec                           0x00000000   Number         0  stubs.o ABSOLUTE
    _printf_fp_hex                           0x00000000   Number         0  stubs.o ABSOLUTE
    _printf_g                                0x00000000   Number         0  stubs.o ABSOLUTE
    _printf_i                                0x00000000   Number         0  stubs.o ABSOLUTE
    _printf_int_dec                          0x00000000   Number         0  stubs.o ABSOLUTE
    _printf_l                                0x00000000   Number         0  stubs.o ABSOLUTE
    _printf_lc                               0x00000000   Number         0  stubs.o ABSOLUTE
    _printf_ll                               0x00000000   Number         0  stubs.o ABSOLUTE
    _printf_lld                              0x00000000   Number         0  stubs.o ABSOLUTE
    _printf_lli                              0x00000000   Number         0  stubs.o ABSOLUTE
    _printf_llo                              0x00000000   Number         0  stubs.o ABSOLUTE
    _printf_llu                              0x00000000   Number         0  stubs.o ABSOLUTE
    _printf_llx                              0x00000000   Number         0  stubs.o ABSOLUTE
    _printf_longlong_dec                     0x00000000   Number         0  stubs.o ABSOLUTE
    _printf_longlong_hex                     0x00000000   Number         0  stubs.o ABSOLUTE
    _printf_longlong_oct                     0x00000000   Number         0  stubs.o ABSOLUTE
    _printf_ls                               0x00000000   Number         0  stubs.o ABSOLUTE
    _printf_mbtowc                           0x00000000   Number         0  stubs.o ABSOLUTE
    _printf_n                                0x00000000   Number         0  stubs.o ABSOLUTE
    _printf_o                                0x00000000   Number         0  stubs.o ABSOLUTE
    _printf_p                                0x00000000   Number         0  stubs.o ABSOLUTE
    _printf_percent                          0x00000000   Number         0  stubs.o ABSOLUTE
    _printf_pre_padding                      0x00000000   Number         0  stubs.o ABSOLUTE
    _printf_return_value                     0x00000000   Number         0  stubs.o ABSOLUTE
    _printf_s                                0x00000000   Number         0  stubs.o ABSOLUTE
    _printf_sizespec                         0x00000000   Number         0  stubs.o ABSOLUTE
    _printf_str                              0x00000000   Number         0  stubs.o ABSOLUTE
    _printf_truncate_signed                  0x00000000   Number         0  stubs.o ABSOLUTE
    _printf_truncate_unsigned                0x00000000   Number         0  stubs.o ABSOLUTE
    _printf_u                                0x00000000   Number         0  stubs.o ABSOLUTE
    _printf_wc                               0x00000000   Number         0  stubs.o ABSOLUTE
    _printf_wctomb                           0x00000000   Number         0  stubs.o ABSOLUTE
    _printf_widthprec                        0x00000000   Number         0  stubs.o ABSOLUTE
    _printf_x                                0x00000000   Number         0  stubs.o ABSOLUTE
    __cpp_initialize__aeabi_                  - Undefined Weak Reference
    __cxa_finalize                            - Undefined Weak Reference
    _clock_init                               - Undefined Weak Reference
    _microlib_exit                            - Undefined Weak Reference
    _scanf_longlong                           - Undefined Weak Reference
    __Vectors_Size                           0x00000188   Number         0  startup_stm32f40_41xxx.o ABSOLUTE
    __Vectors                                0x08000000   Data           4  startup_stm32f40_41xxx.o(RESET)
    __Vectors_End                            0x08000188   Data           0  startup_stm32f40_41xxx.o(RESET)
    __main                                   0x08000189   Thumb Code     0  entry.o(.ARM.Collect$$$$00000000)
    _main_stk                                0x08000189   Thumb Code     0  entry2.o(.ARM.Collect$$$$00000001)
    _main_scatterload                        0x0800018d   Thumb Code     0  entry5.o(.ARM.Collect$$$$00000004)
    __main_after_scatterload                 0x08000191   Thumb Code     0  entry5.o(.ARM.Collect$$$$00000004)
    _main_clock                              0x08000191   Thumb Code     0  entry7b.o(.ARM.Collect$$$$00000008)
    _main_cpp_init                           0x08000191   Thumb Code     0  entry8b.o(.ARM.Collect$$$$0000000A)
    _main_init                               0x08000191   Thumb Code     0  entry9a.o(.ARM.Collect$$$$0000000B)
    __rt_final_cpp                           0x08000199   Thumb Code     0  entry10a.o(.ARM.Collect$$$$0000000D)
    __rt_final_exit                          0x08000199   Thumb Code     0  entry11a.o(.ARM.Collect$$$$0000000F)
    SVC_Handler                              0x0800019d   Thumb Code    28  port.o(.emb_text)
    __asm___6_port_c_39a90d8d__prvStartFirstTask 0x080001bd   Thumb Code    28  port.o(.emb_text)
    __asm___6_port_c_39a90d8d__prvEnableVFP  0x080001dd   Thumb Code    16  port.o(.emb_text)
    PendSV_Handler                           0x080001f1   Thumb Code    88  port.o(.emb_text)
    vPortGetIPSR                             0x0800024d   Thumb Code     6  port.o(.emb_text)
    Reset_Handler                            0x08000255   Thumb Code     8  startup_stm32f40_41xxx.o(.text)
    ADC_IRQHandler                           0x0800026f   Thumb Code     0  startup_stm32f40_41xxx.o(.text)
    CAN1_RX0_IRQHandler                      0x0800026f   Thumb Code     0  startup_stm32f40_41xxx.o(.text)
    CAN1_RX1_IRQHandler                      0x0800026f   Thumb Code     0  startup_stm32f40_41xxx.o(.text)
    CAN1_SCE_IRQHandler                      0x0800026f   Thumb Code     0  startup_stm32f40_41xxx.o(.text)
    CAN1_TX_IRQHandler                       0x0800026f   Thumb Code     0  startup_stm32f40_41xxx.o(.text)
    CAN2_RX0_IRQHandler                      0x0800026f   Thumb Code     0  startup_stm32f40_41xxx.o(.text)
    CAN2_RX1_IRQHandler                      0x0800026f   Thumb Code     0  startup_stm32f40_41xxx.o(.text)
    CAN2_SCE_IRQHandler                      0x0800026f   Thumb Code     0  startup_stm32f40_41xxx.o(.text)
    CAN2_TX_IRQHandler                       0x0800026f   Thumb Code     0  startup_stm32f40_41xxx.o(.text)
    DMA1_Stream0_IRQHandler                  0x0800026f   Thumb Code     0  startup_stm32f40_41xxx.o(.text)
    DMA1_Stream1_IRQHandler                  0x0800026f   Thumb Code     0  startup_stm32f40_41xxx.o(.text)
    DMA1_Stream2_IRQHandler                  0x0800026f   Thumb Code     0  startup_stm32f40_41xxx.o(.text)
    DMA1_Stream4_IRQHandler                  0x0800026f   Thumb Code     0  startup_stm32f40_41xxx.o(.text)
    DMA1_Stream5_IRQHandler                  0x0800026f   Thumb Code     0  startup_stm32f40_41xxx.o(.text)
    DMA1_Stream7_IRQHandler                  0x0800026f   Thumb Code     0  startup_stm32f40_41xxx.o(.text)
    DMA2_Stream1_IRQHandler                  0x0800026f   Thumb Code     0  startup_stm32f40_41xxx.o(.text)
    DMA2_Stream2_IRQHandler                  0x0800026f   Thumb Code     0  startup_stm32f40_41xxx.o(.text)
    DMA2_Stream4_IRQHandler                  0x0800026f   Thumb Code     0  startup_stm32f40_41xxx.o(.text)
    DMA2_Stream5_IRQHandler                  0x0800026f   Thumb Code     0  startup_stm32f40_41xxx.o(.text)
    FLASH_IRQHandler                         0x0800026f   Thumb Code     0  startup_stm32f40_41xxx.o(.text)
    FPU_IRQHandler                           0x0800026f   Thumb Code     0  startup_stm32f40_41xxx.o(.text)
    FSMC_IRQHandler                          0x0800026f   Thumb Code     0  startup_stm32f40_41xxx.o(.text)
    HASH_RNG_IRQHandler                      0x0800026f   Thumb Code     0  startup_stm32f40_41xxx.o(.text)
    I2C1_ER_IRQHandler                       0x0800026f   Thumb Code     0  startup_stm32f40_41xxx.o(.text)
    I2C1_EV_IRQHandler                       0x0800026f   Thumb Code     0  startup_stm32f40_41xxx.o(.text)
    I2C2_ER_IRQHandler                       0x0800026f   Thumb Code     0  startup_stm32f40_41xxx.o(.text)
    I2C2_EV_IRQHandler                       0x0800026f   Thumb Code     0  startup_stm32f40_41xxx.o(.text)
    I2C3_ER_IRQHandler                       0x0800026f   Thumb Code     0  startup_stm32f40_41xxx.o(.text)
    I2C3_EV_IRQHandler                       0x0800026f   Thumb Code     0  startup_stm32f40_41xxx.o(.text)
    OTG_HS_EP1_IN_IRQHandler                 0x0800026f   Thumb Code     0  startup_stm32f40_41xxx.o(.text)
    OTG_HS_EP1_OUT_IRQHandler                0x0800026f   Thumb Code     0  startup_stm32f40_41xxx.o(.text)
    OTG_HS_IRQHandler                        0x0800026f   Thumb Code     0  startup_stm32f40_41xxx.o(.text)
    OTG_HS_WKUP_IRQHandler                   0x0800026f   Thumb Code     0  startup_stm32f40_41xxx.o(.text)
    PVD_IRQHandler                           0x0800026f   Thumb Code     0  startup_stm32f40_41xxx.o(.text)
    RCC_IRQHandler                           0x0800026f   Thumb Code     0  startup_stm32f40_41xxx.o(.text)
    RTC_Alarm_IRQHandler                     0x0800026f   Thumb Code     0  startup_stm32f40_41xxx.o(.text)
    RTC_WKUP_IRQHandler                      0x0800026f   Thumb Code     0  startup_stm32f40_41xxx.o(.text)
    SPI1_IRQHandler                          0x0800026f   Thumb Code     0  startup_stm32f40_41xxx.o(.text)
    SPI2_IRQHandler                          0x0800026f   Thumb Code     0  startup_stm32f40_41xxx.o(.text)
    SPI3_IRQHandler                          0x0800026f   Thumb Code     0  startup_stm32f40_41xxx.o(.text)
    TAMP_STAMP_IRQHandler                    0x0800026f   Thumb Code     0  startup_stm32f40_41xxx.o(.text)
    TIM1_BRK_TIM9_IRQHandler                 0x0800026f   Thumb Code     0  startup_stm32f40_41xxx.o(.text)
    TIM1_CC_IRQHandler                       0x0800026f   Thumb Code     0  startup_stm32f40_41xxx.o(.text)
    TIM1_TRG_COM_TIM11_IRQHandler            0x0800026f   Thumb Code     0  startup_stm32f40_41xxx.o(.text)
    TIM1_UP_TIM10_IRQHandler                 0x0800026f   Thumb Code     0  startup_stm32f40_41xxx.o(.text)
    TIM2_IRQHandler                          0x0800026f   Thumb Code     0  startup_stm32f40_41xxx.o(.text)
    TIM3_IRQHandler                          0x0800026f   Thumb Code     0  startup_stm32f40_41xxx.o(.text)
    TIM4_IRQHandler                          0x0800026f   Thumb Code     0  startup_stm32f40_41xxx.o(.text)
    TIM5_IRQHandler                          0x0800026f   Thumb Code     0  startup_stm32f40_41xxx.o(.text)
    TIM6_DAC_IRQHandler                      0x0800026f   Thumb Code     0  startup_stm32f40_41xxx.o(.text)
    TIM8_CC_IRQHandler                       0x0800026f   Thumb Code     0  startup_stm32f40_41xxx.o(.text)
    TIM8_TRG_COM_TIM14_IRQHandler            0x0800026f   Thumb Code     0  startup_stm32f40_41xxx.o(.text)
    TIM8_UP_TIM13_IRQHandler                 0x0800026f   Thumb Code     0  startup_stm32f40_41xxx.o(.text)
    WWDG_IRQHandler                          0x0800026f   Thumb Code     0  startup_stm32f40_41xxx.o(.text)
    __aeabi_memcpy                           0x08000279   Thumb Code    36  memcpya.o(.text)
    __aeabi_memcpy4                          0x08000279   Thumb Code     0  memcpya.o(.text)
    __aeabi_memcpy8                          0x08000279   Thumb Code     0  memcpya.o(.text)
    __aeabi_memset                           0x0800029d   Thumb Code    14  memseta.o(.text)
    __aeabi_memset4                          0x0800029d   Thumb Code     0  memseta.o(.text)
    __aeabi_memset8                          0x0800029d   Thumb Code     0  memseta.o(.text)
    __aeabi_memclr                           0x080002ab   Thumb Code     4  memseta.o(.text)
    __aeabi_memclr4                          0x080002ab   Thumb Code     0  memseta.o(.text)
    __aeabi_memclr8                          0x080002ab   Thumb Code     0  memseta.o(.text)
    _memset$wrapper                          0x080002af   Thumb Code    18  memseta.o(.text)
    __aeabi_dadd                             0x080002c1   Thumb Code   322  dadd.o(.text)
    __aeabi_dsub                             0x08000403   Thumb Code     6  dadd.o(.text)
    __aeabi_drsub                            0x08000409   Thumb Code     6  dadd.o(.text)
    __aeabi_dmul                             0x0800040f   Thumb Code   228  dmul.o(.text)
    __aeabi_ddiv                             0x080004f3   Thumb Code   222  ddiv.o(.text)
    __aeabi_ui2d                             0x080005d1   Thumb Code    26  dfltui.o(.text)
    __aeabi_d2uiz                            0x080005eb   Thumb Code    50  dfixui.o(.text)
    __aeabi_uidiv                            0x0800061d   Thumb Code     0  uidiv.o(.text)
    __aeabi_uidivmod                         0x0800061d   Thumb Code    44  uidiv.o(.text)
    __aeabi_uldivmod                         0x08000649   Thumb Code    98  uldiv.o(.text)
    __aeabi_llsl                             0x080006ab   Thumb Code    30  llshl.o(.text)
    _ll_shift_l                              0x080006ab   Thumb Code     0  llshl.o(.text)
    __aeabi_llsr                             0x080006c9   Thumb Code    32  llushr.o(.text)
    _ll_ushift_r                             0x080006c9   Thumb Code     0  llushr.o(.text)
    __aeabi_lasr                             0x080006e9   Thumb Code    36  llsshr.o(.text)
    _ll_sshift_r                             0x080006e9   Thumb Code     0  llsshr.o(.text)
    __I$use$fp                               0x0800070d   Thumb Code     0  iusefp.o(.text)
    _double_round                            0x0800070d   Thumb Code    30  depilogue.o(.text)
    _double_epilogue                         0x0800072b   Thumb Code   156  depilogue.o(.text)
    __aeabi_d2ulz                            0x080007c7   Thumb Code    48  dfixul.o(.text)
    __aeabi_cdrcmple                         0x080007f9   Thumb Code    48  cdrcmple.o(.text)
    __scatterload                            0x08000829   Thumb Code    28  init.o(.text)
    __scatterload_rt2                        0x08000829   Thumb Code     0  init.o(.text)
    __decompress                             0x0800084d   Thumb Code     0  __dczerorl2.o(.text)
    __decompress1                            0x0800084d   Thumb Code    86  __dczerorl2.o(.text)
    BusFault_Handler                         0x080008a3   Thumb Code     4  stm32f4xx_it.o(i.BusFault_Handler)
    CRYP_IRQHandler                          0x080008a7   Thumb Code     8  comm.o(i.CRYP_IRQHandler)
    DCD_EP_ClrStall                          0x080009e5   Thumb Code    72  usb_dcd.o(i.DCD_EP_ClrStall)
    DCD_EP_Open                              0x08000a2d   Thumb Code   104  usb_dcd.o(i.DCD_EP_Open)
    DCD_EP_PrepareRx                         0x08000a95   Thumb Code    82  usb_dcd.o(i.DCD_EP_PrepareRx)
    DCD_EP_SetAddress                        0x08000ae7   Thumb Code    28  usb_dcd.o(i.DCD_EP_SetAddress)
    DCD_EP_Stall                             0x08000b03   Thumb Code    72  usb_dcd.o(i.DCD_EP_Stall)
    DCD_EP_Tx                                0x08000b4b   Thumb Code    78  usb_dcd.o(i.DCD_EP_Tx)
    DCMI_IRQHandler                          0x08001265   Thumb Code    10  spi.o(i.DCMI_IRQHandler)
    DMA1_Stream3_IRQHandler                  0x08001275   Thumb Code    28  serial.o(i.DMA1_Stream3_IRQHandler)
    DMA1_Stream6_IRQHandler                  0x08001295   Thumb Code    28  serial.o(i.DMA1_Stream6_IRQHandler)
    DMA2_Stream0_IRQHandler                  0x080012b5   Thumb Code    10  spi.o(i.DMA2_Stream0_IRQHandler)
    DMA2_Stream3_IRQHandler                  0x080012c5   Thumb Code     8  sdio.o(i.DMA2_Stream3_IRQHandler)
    DMA2_Stream6_IRQHandler                  0x080012cd   Thumb Code    28  serial.o(i.DMA2_Stream6_IRQHandler)
    DMA2_Stream7_IRQHandler                  0x080012ed   Thumb Code    28  serial.o(i.DMA2_Stream7_IRQHandler)
    DMA_ClearFlag                            0x0800130d   Thumb Code    38  stm32f4xx_dma.o(i.DMA_ClearFlag)
    DMA_ClearITPendingBit                    0x08001341   Thumb Code    38  stm32f4xx_dma.o(i.DMA_ClearITPendingBit)
    DMA_Cmd                                  0x08001375   Thumb Code    22  stm32f4xx_dma.o(i.DMA_Cmd)
    DebugMon_Handler                         0x0800138b   Thumb Code     2  stm32f4xx_it.o(i.DebugMon_Handler)
    ETH_IRQHandler                           0x0800138d   Thumb Code    10  spi.o(i.ETH_IRQHandler)
    ETH_WKUP_IRQHandler                      0x0800139d   Thumb Code    10  spi.o(i.ETH_WKUP_IRQHandler)
    EXTI0_IRQHandler                         0x080013ad   Thumb Code    22  ext_irq.o(i.EXTI0_IRQHandler)
    EXTI15_10_IRQHandler                     0x080013cd   Thumb Code   198  ext_irq.o(i.EXTI15_10_IRQHandler)
    EXTI1_IRQHandler                         0x0800149d   Thumb Code    22  ext_irq.o(i.EXTI1_IRQHandler)
    EXTI2_IRQHandler                         0x080014bd   Thumb Code    22  ext_irq.o(i.EXTI2_IRQHandler)
    EXTI3_IRQHandler                         0x080014dd   Thumb Code    22  ext_irq.o(i.EXTI3_IRQHandler)
    EXTI4_IRQHandler                         0x080014fd   Thumb Code    22  ext_irq.o(i.EXTI4_IRQHandler)
    EXTI9_5_IRQHandler                       0x0800151d   Thumb Code   158  ext_irq.o(i.EXTI9_5_IRQHandler)
    EXTI_ClearITPendingBit                   0x080015c5   Thumb Code     6  stm32f4xx_exti.o(i.EXTI_ClearITPendingBit)
    FSMC_NORSRAMCmd                          0x080015d1   Thumb Code    46  stm32f4xx_fsmc.o(i.FSMC_NORSRAMCmd)
    FSMC_NORSRAMInit                         0x08001605   Thumb Code   230  stm32f4xx_fsmc.o(i.FSMC_NORSRAMInit)
    GPIO_Init                                0x080016eb   Thumb Code   144  stm32f4xx_gpio.o(i.GPIO_Init)
    GPIO_PinAFConfig                         0x0800177b   Thumb Code    70  stm32f4xx_gpio.o(i.GPIO_PinAFConfig)
    GPIO_ReadInputDataBit                    0x080017c1   Thumb Code    18  stm32f4xx_gpio.o(i.GPIO_ReadInputDataBit)
    GPIO_StructInit                          0x080017d3   Thumb Code    18  stm32f4xx_gpio.o(i.GPIO_StructInit)
    HardFault_Handler                        0x080019f5   Thumb Code     4  stm32f4xx_it.o(i.HardFault_Handler)
    I2C_AcknowledgeConfig                    0x080019f9   Thumb Code    24  stm32f4xx_i2c.o(i.I2C_AcknowledgeConfig)
    I2C_CheckEvent                           0x08001a11   Thumb Code    42  stm32f4xx_i2c.o(i.I2C_CheckEvent)
    I2C_Cmd                                  0x08001a3b   Thumb Code    24  stm32f4xx_i2c.o(i.I2C_Cmd)
    I2C_GenerateSTART                        0x08001a53   Thumb Code    24  stm32f4xx_i2c.o(i.I2C_GenerateSTART)
    I2C_GenerateSTOP                         0x08001a6b   Thumb Code    24  stm32f4xx_i2c.o(i.I2C_GenerateSTOP)
    I2C_GetFlagStatus                        0x08001a83   Thumb Code    58  stm32f4xx_i2c.o(i.I2C_GetFlagStatus)
    I2C_Init                                 0x08001abd   Thumb Code   218  stm32f4xx_i2c.o(i.I2C_Init)
    I2C_ReceiveData                          0x08001ba5   Thumb Code     8  stm32f4xx_i2c.o(i.I2C_ReceiveData)
    I2C_Send7bitAddress                      0x08001bad   Thumb Code    16  stm32f4xx_i2c.o(i.I2C_Send7bitAddress)
    I2C_SendData                             0x08001bbd   Thumb Code     4  stm32f4xx_i2c.o(i.I2C_SendData)
    KEY_Scan                                 0x08001bc1   Thumb Code   188  key.o(i.KEY_Scan)
    LCD_Clear                                0x08001c89   Thumb Code   100  lcd.o(i.LCD_Clear)
    LCD_Display_Dir                          0x08001cf5   Thumb Code   444  lcd.o(i.LCD_Display_Dir)
    LCD_Fast_DrawPoint                       0x08001eb5   Thumb Code   374  lcd.o(i.LCD_Fast_DrawPoint)
    LCD_Init                                 0x08002035   Thumb Code 14668  lcd.o(i.LCD_Init)
    LCD_RD_DATA                              0x08005989   Thumb Code    14  lcd.o(i.LCD_RD_DATA)
    LCD_ReadReg                              0x0800599d   Thumb Code    22  lcd.o(i.LCD_ReadReg)
    LCD_SSD_BackLightSet                     0x080059b5   Thumb Code    88  lcd.o(i.LCD_SSD_BackLightSet)
    LCD_Scan_Dir                             0x08005a15   Thumb Code   744  lcd.o(i.LCD_Scan_Dir)
    LCD_SetCursor                            0x08005d01   Thumb Code   418  lcd.o(i.LCD_SetCursor)
    LCD_ShowChar                             0x08005ea9   Thumb Code   272  lcd.o(i.LCD_ShowChar)
    LCD_ShowString                           0x08005fd1   Thumb Code   102  lcd.o(i.LCD_ShowString)
    LCD_WR_DATA                              0x08006039   Thumb Code    18  lcd.o(i.LCD_WR_DATA)
    LCD_WR_REG                               0x08006051   Thumb Code    18  lcd.o(i.LCD_WR_REG)
    LCD_WriteRAM_Prepare                     0x08006069   Thumb Code    10  lcd.o(i.LCD_WriteRAM_Prepare)
    LCD_WriteReg                             0x0800607d   Thumb Code    14  lcd.o(i.LCD_WriteReg)
    MemManage_Handler                        0x08006091   Thumb Code     4  stm32f4xx_it.o(i.MemManage_Handler)
    NMI_Handler                              0x08006095   Thumb Code     2  stm32f4xx_it.o(i.NMI_Handler)
    NVIC_PriorityGroupConfig                 0x08006099   Thumb Code    10  misc.o(i.NVIC_PriorityGroupConfig)
    OTG_FS_IRQHandler                        0x080060ad   Thumb Code    10  usb.o(i.OTG_FS_IRQHandler)
    OTG_FS_WKUP_IRQHandler                   0x080060bd   Thumb Code    40  usb.o(i.OTG_FS_WKUP_IRQHandler)
    RCC_AHB1PeriphClockCmd                   0x080060ed   Thumb Code    26  stm32f4xx_rcc.o(i.RCC_AHB1PeriphClockCmd)
    RCC_AHB3PeriphClockCmd                   0x0800610d   Thumb Code    26  stm32f4xx_rcc.o(i.RCC_AHB3PeriphClockCmd)
    RCC_APB1PeriphClockCmd                   0x0800612d   Thumb Code    26  stm32f4xx_rcc.o(i.RCC_APB1PeriphClockCmd)
    RCC_APB2PeriphClockCmd                   0x0800614d   Thumb Code    26  stm32f4xx_rcc.o(i.RCC_APB2PeriphClockCmd)
    RCC_ClearFlag                            0x0800616d   Thumb Code    14  stm32f4xx_rcc.o(i.RCC_ClearFlag)
    RCC_GetClocksFreq                        0x08006181   Thumb Code   214  stm32f4xx_rcc.o(i.RCC_GetClocksFreq)
    SDIO_ClearFlag                           0x08006269   Thumb Code     6  stm32f4xx_sdio.o(i.SDIO_ClearFlag)
    SDIO_ClearITPendingBit                   0x08006275   Thumb Code     6  stm32f4xx_sdio.o(i.SDIO_ClearITPendingBit)
    SDIO_GetCommandResponse                  0x08006281   Thumb Code     8  stm32f4xx_sdio.o(i.SDIO_GetCommandResponse)
    SDIO_GetITStatus                         0x0800628d   Thumb Code    20  stm32f4xx_sdio.o(i.SDIO_GetITStatus)
    SDIO_GetResponse                         0x080062a5   Thumb Code    20  stm32f4xx_sdio.o(i.SDIO_GetResponse)
    SDIO_IRQHandler                          0x080062bd   Thumb Code     8  sdio.o(i.SDIO_IRQHandler)
    SDIO_ITConfig                            0x080062c5   Thumb Code    26  stm32f4xx_sdio.o(i.SDIO_ITConfig)
    SDIO_SendCommand                         0x080062e5   Thumb Code    40  stm32f4xx_sdio.o(i.SDIO_SendCommand)
    SD_ProcessDMAIRQ                         0x08006311   Thumb Code    22  sdio.o(i.SD_ProcessDMAIRQ)
    SD_ProcessIRQSrc                         0x08006331   Thumb Code   242  sdio.o(i.SD_ProcessIRQSrc)
    SD_StopTransfer                          0x08006429   Thumb Code    48  sdio.o(i.SD_StopTransfer)
    SPI_Cmd                                  0x08006459   Thumb Code    24  stm32f4xx_spi.o(i.SPI_Cmd)
    SPI_I2S_ReceiveData                      0x08006471   Thumb Code     6  stm32f4xx_spi.o(i.SPI_I2S_ReceiveData)
    SYSCFG_CompensationCellCmd               0x08006479   Thumb Code     6  stm32f4xx_syscfg.o(i.SYSCFG_CompensationCellCmd)
    SysTick_Handler                          0x08006571   Thumb Code    46  port.o(i.SysTick_Handler)
    SystemInit                               0x080065a5   Thumb Code    88  system_stm32f4xx.o(i.SystemInit)
    TIM7_IRQHandler                          0x0800660d   Thumb Code    42  tick.o(i.TIM7_IRQHandler)
    TIM8_BRK_TIM12_IRQHandler                0x08006641   Thumb Code   130  d_imu.o(i.TIM8_BRK_TIM12_IRQHandler)
    TIM_ClearITPendingBit                    0x080066d9   Thumb Code     6  stm32f4xx_tim.o(i.TIM_ClearITPendingBit)
    TIM_Cmd                                  0x080066df   Thumb Code    24  stm32f4xx_tim.o(i.TIM_Cmd)
    TIM_GetITStatus                          0x080066f7   Thumb Code    34  stm32f4xx_tim.o(i.TIM_GetITStatus)
    TIM_TimeBaseInit                         0x08006719   Thumb Code   104  stm32f4xx_tim.o(i.TIM_TimeBaseInit)
    TickInit                                 0x0800679d   Thumb Code    62  tick.o(i.TickInit)
    UART4_IRQHandler                         0x080067e9   Thumb Code    98  serial.o(i.UART4_IRQHandler)
    UART5_IRQHandler                         0x08006851   Thumb Code    98  serial.o(i.UART5_IRQHandler)
    USART1_IRQHandler                        0x080068b9   Thumb Code    98  serial.o(i.USART1_IRQHandler)
    USART2_IRQHandler                        0x08006921   Thumb Code    98  serial.o(i.USART2_IRQHandler)
    USART3_IRQHandler                        0x08006989   Thumb Code    98  serial.o(i.USART3_IRQHandler)
    USART6_IRQHandler                        0x080069f1   Thumb Code    98  serial.o(i.USART6_IRQHandler)
    USART_ITConfig                           0x08006a59   Thumb Code    74  stm32f4xx_usart.o(i.USART_ITConfig)
    USBD_ClrCfg                              0x08006aa3   Thumb Code    22  usbd_core.o(i.USBD_ClrCfg)
    USBD_CtlContinueRx                       0x08006b01   Thumb Code    30  usbd_ioreq.o(i.USBD_CtlContinueRx)
    USBD_CtlContinueSendData                 0x08006b1f   Thumb Code    30  usbd_ioreq.o(i.USBD_CtlContinueSendData)
    USBD_CtlError                            0x08006b3d   Thumb Code    30  usbd_req.o(i.USBD_CtlError)
    USBD_CtlReceiveStatus                    0x08006b5b   Thumb Code    36  usbd_ioreq.o(i.USBD_CtlReceiveStatus)
    USBD_CtlSendData                         0x08006b7f   Thumb Code    46  usbd_ioreq.o(i.USBD_CtlSendData)
    USBD_CtlSendStatus                       0x08006bad   Thumb Code    36  usbd_ioreq.o(i.USBD_CtlSendStatus)
    USBD_OTG_ISR_Handler                     0x08006f2d   Thumb Code   224  usb_dcd_int.o(i.USBD_OTG_ISR_Handler)
    USBD_ParseSetupRequest                   0x0800700d   Thumb Code    72  usbd_req.o(i.USBD_ParseSetupRequest)
    USBD_SetCfg                              0x0800712f   Thumb Code    30  usbd_core.o(i.USBD_SetCfg)
    USBD_StdDevReq                           0x08007315   Thumb Code   114  usbd_req.o(i.USBD_StdDevReq)
    USBD_StdEPReq                            0x08007389   Thumb Code   344  usbd_req.o(i.USBD_StdEPReq)
    USBD_StdItfReq                           0x080074e5   Thumb Code    76  usbd_req.o(i.USBD_StdItfReq)
    USB_OTG_BSP_uDelay                       0x08007551   Thumb Code    30  usb_bsp.o(i.USB_OTG_BSP_uDelay)
    USB_OTG_EP0Activate                      0x0800756f   Thumb Code   106  usb_core.o(i.USB_OTG_EP0Activate)
    USB_OTG_EP0StartXfer                     0x080075d9   Thumb Code   342  usb_core.o(i.USB_OTG_EP0StartXfer)
    USB_OTG_EP0_OutStart                     0x0800772f   Thumb Code    98  usb_core.o(i.USB_OTG_EP0_OutStart)
    USB_OTG_EPActivate                       0x08007791   Thumb Code   152  usb_core.o(i.USB_OTG_EPActivate)
    USB_OTG_EPClearStall                     0x08007829   Thumb Code    80  usb_core.o(i.USB_OTG_EPClearStall)
    USB_OTG_EPSetStall                       0x08007879   Thumb Code   100  usb_core.o(i.USB_OTG_EPSetStall)
    USB_OTG_EPStartXfer                      0x080078dd   Thumb Code   502  usb_core.o(i.USB_OTG_EPStartXfer)
    USB_OTG_FlushTxFifo                      0x08007ad5   Thumb Code    80  usb_core.o(i.USB_OTG_FlushTxFifo)
    USB_OTG_GetDeviceSpeed                   0x08007b29   Thumb Code    52  usb_core.o(i.USB_OTG_GetDeviceSpeed)
    USB_OTG_GetMode                          0x08007b5d   Thumb Code    12  usb_core.o(i.USB_OTG_GetMode)
    USB_OTG_IsDeviceMode                     0x08007b69   Thumb Code    22  usb_core.o(i.USB_OTG_IsDeviceMode)
    USB_OTG_ReadCoreItr                      0x08007b7f   Thumb Code    16  usb_core.o(i.USB_OTG_ReadCoreItr)
    USB_OTG_ReadDevAllInEPItr                0x08007b8f   Thumb Code    16  usb_core.o(i.USB_OTG_ReadDevAllInEPItr)
    USB_OTG_ReadDevAllOutEp_itr              0x08007b9f   Thumb Code    16  usb_core.o(i.USB_OTG_ReadDevAllOutEp_itr)
    USB_OTG_ReadDevOutEP_itr                 0x08007baf   Thumb Code    20  usb_core.o(i.USB_OTG_ReadDevOutEP_itr)
    USB_OTG_ReadPacket                       0x08007bc3   Thumb Code    40  usb_core.o(i.USB_OTG_ReadPacket)
    USB_OTG_UngateClock                      0x08007beb   Thumb Code    54  usb_core.o(i.USB_OTG_UngateClock)
    USB_OTG_WritePacket                      0x08007c21   Thumb Code    64  usb_core.o(i.USB_OTG_WritePacket)
    UsageFault_Handler                       0x08007c61   Thumb Code     4  stm32f4xx_it.o(i.UsageFault_Handler)
    __0printf                                0x08007c65   Thumb Code    22  printfa.o(i.__0printf)
    __1printf                                0x08007c65   Thumb Code     0  printfa.o(i.__0printf)
    __2printf                                0x08007c65   Thumb Code     0  printfa.o(i.__0printf)
    __c89printf                              0x08007c65   Thumb Code     0  printfa.o(i.__0printf)
    printf                                   0x08007c65   Thumb Code     0  printfa.o(i.__0printf)
    __0sprintf                               0x08007c85   Thumb Code    34  printfa.o(i.__0sprintf)
    __1sprintf                               0x08007c85   Thumb Code     0  printfa.o(i.__0sprintf)
    __2sprintf                               0x08007c85   Thumb Code     0  printfa.o(i.__0sprintf)
    __c89sprintf                             0x08007c85   Thumb Code     0  printfa.o(i.__0sprintf)
    sprintf                                  0x08007c85   Thumb Code     0  printfa.o(i.__0sprintf)
    __scatterload_copy                       0x08007cad   Thumb Code    14  handlers.o(i.__scatterload_copy)
    __scatterload_null                       0x08007cbb   Thumb Code     2  handlers.o(i.__scatterload_null)
    __scatterload_zeroinit                   0x08007cbd   Thumb Code    14  handlers.o(i.__scatterload_zeroinit)
    _serialStartTxDMA                        0x080085db   Thumb Code    60  serial.o(i._serialStartTxDMA)
    commNotice                               0x08008621   Thumb Code    26  comm.o(i.commNotice)
    commTxFinished                           0x08008665   Thumb Code    32  comm.o(i.commTxFinished)
    dIMUTare                                 0x08008685   Thumb Code   420  d_imu.o(i.dIMUTare)
    delay                                    0x08008845   Thumb Code    18  tick.o(i.delay)
    delay_micros                             0x08008859   Thumb Code    18  tick.o(i.delay_micros)
    digitalInit                              0x08008871   Thumb Code   122  digital.o(i.digitalInit)
    fputc                                    0x080088ed   Thumb Code    22  usart.o(i.fputc)
    hmc5983PreInit                           0x08008909   Thumb Code     8  hmc5983.o(i.hmc5983PreInit)
    init_task                                0x08008911   Thumb Code    34  main.o(i.init_task)
    main                                     0x0800893d   Thumb Code    44  main.o(i.main)
    pvPortMalloc                             0x08009485   Thumb Code   262  heap_4.o(i.pvPortMalloc)
    pvTaskIncrementMutexHeldCount            0x080095dd   Thumb Code    26  tasks.o(i.pvTaskIncrementMutexHeldCount)
    pxPortInitialiseStack                    0x080095fd   Thumb Code    38  port.o(i.pxPortInitialiseStack)
    rccConfiguration                         0x08009629   Thumb Code    62  rcc.o(i.rccConfiguration)
    sh79f329GetReg                           0x08009671   Thumb Code    38  hmc5983.o(i.sh79f329GetReg)
    sh79f329Init                             0x0800969d   Thumb Code   134  sh79f329.o(i.sh79f329Init)
    sh79f329TaskCode                         0x08009785   Thumb Code   156  sh79f329.o(i.sh79f329TaskCode)
    supervisorInit                           0x08009a41   Thumb Code    50  supervisor.o(i.supervisorInit)
    supervisorLEDsOff                        0x08009a95   Thumb Code    10  supervisor.o(i.supervisorLEDsOff)
    supervisorLEDsOn                         0x08009aa5   Thumb Code    10  supervisor.o(i.supervisorLEDsOn)
    supervisorLEDsTogg                       0x08009ab5   Thumb Code    22  supervisor.o(i.supervisorLEDsTogg)
    supervisorTare                           0x08009ad1   Thumb Code    22  supervisor.o(i.supervisorTare)
    supervisorTaskCode                       0x08009b09   Thumb Code   120  supervisor.o(i.supervisorTaskCode)
    utilTaskPeriodTime                       0x08009b91   Thumb Code    18  util.o(i.utilTaskPeriodTime)
    uxListRemove                             0x08009ba9   Thumb Code    40  list.o(i.uxListRemove)
    vEventGroupSetBitsCallback               0x08009bd1   Thumb Code    16  event_groups.o(i.vEventGroupSetBitsCallback)
    vListInitialise                          0x08009be1   Thumb Code    26  list.o(i.vListInitialise)
    vListInitialiseItem                      0x08009bfb   Thumb Code     6  list.o(i.vListInitialiseItem)
    vListInsert                              0x08009c01   Thumb Code    52  list.o(i.vListInsert)
    vListInsertEnd                           0x08009c35   Thumb Code    24  list.o(i.vListInsertEnd)
    vPortEnterCritical                       0x08009c4d   Thumb Code    68  port.o(i.vPortEnterCritical)
    vPortExitCritical                        0x08009cd9   Thumb Code    48  port.o(i.vPortExitCritical)
    vPortFree                                0x08009d4d   Thumb Code   120  heap_4.o(i.vPortFree)
    vPortSetupTimerInterrupt                 0x08009e09   Thumb Code    26  port.o(i.vPortSetupTimerInterrupt)
    vPortValidateInterruptPriority           0x08009e29   Thumb Code    86  port.o(i.vPortValidateInterruptPriority)
    vQueueAddToRegistry                      0x08009ecd   Thumb Code    38  queue.o(i.vQueueAddToRegistry)
    vQueueWaitForMessageRestricted           0x08009ef9   Thumb Code    74  queue.o(i.vQueueWaitForMessageRestricted)
    vTaskDelay                               0x08009f45   Thumb Code    72  tasks.o(i.vTaskDelay)
    vTaskDelayUntil                          0x08009fbd   Thumb Code   170  tasks.o(i.vTaskDelayUntil)
    vTaskDelete                              0x0800a09d   Thumb Code   192  tasks.o(i.vTaskDelete)
    vTaskMissedYield                         0x0800a1ad   Thumb Code     8  tasks.o(i.vTaskMissedYield)
    vTaskPlaceOnEventList                    0x0800a1b9   Thumb Code    42  tasks.o(i.vTaskPlaceOnEventList)
    vTaskPlaceOnEventListRestricted          0x0800a211   Thumb Code    50  tasks.o(i.vTaskPlaceOnEventListRestricted)
    vTaskPriorityInherit                     0x0800a271   Thumb Code   164  tasks.o(i.vTaskPriorityInherit)
    vTaskSetTimeOutState                     0x0800a321   Thumb Code    32  tasks.o(i.vTaskSetTimeOutState)
    vTaskStartScheduler                      0x0800a371   Thumb Code   108  tasks.o(i.vTaskStartScheduler)
    vTaskSuspendAll                          0x0800a421   Thumb Code    12  tasks.o(i.vTaskSuspendAll)
    vTaskSwitchContext                       0x0800a431   Thumb Code   110  tasks.o(i.vTaskSwitchContext)
    xEventGroupCreate                        0x0800a4dd   Thumb Code    26  event_groups.o(i.xEventGroupCreate)
    xEventGroupSetBits                       0x0800a4f9   Thumb Code   186  event_groups.o(i.xEventGroupSetBits)
    xPortStartScheduler                      0x0800a5e5   Thumb Code   258  port.o(i.xPortStartScheduler)
    xQueueGenericCreate                      0x0800a745   Thumb Code    78  queue.o(i.xQueueGenericCreate)
    xQueueGenericReceive                     0x0800a7bd   Thumb Code   416  queue.o(i.xQueueGenericReceive)
    xQueueGenericReset                       0x0800a989   Thumb Code   136  queue.o(i.xQueueGenericReset)
    xQueueGenericSend                        0x0800aa3d   Thumb Code   412  queue.o(i.xQueueGenericSend)
    xQueueGenericSendFromISR                 0x0800ac05   Thumb Code   234  queue.o(i.xQueueGenericSendFromISR)
    xTaskCheckForTimeOut                     0x0800ad19   Thumb Code   116  tasks.o(i.xTaskCheckForTimeOut)
    xTaskCreate                              0x0800adbd   Thumb Code    96  tasks.o(i.xTaskCreate)
    xTaskGetSchedulerState                   0x0800ae1d   Thumb Code    24  tasks.o(i.xTaskGetSchedulerState)
    xTaskGetTickCount                        0x0800ae3d   Thumb Code     6  tasks.o(i.xTaskGetTickCount)
    xTaskIncrementTick                       0x0800ae49   Thumb Code   272  tasks.o(i.xTaskIncrementTick)
    xTaskPriorityDisinherit                  0x0800afad   Thumb Code   168  tasks.o(i.xTaskPriorityDisinherit)
    xTaskRemoveFromEventList                 0x0800b089   Thumb Code   118  tasks.o(i.xTaskRemoveFromEventList)
    xTaskRemoveFromUnorderedEventList        0x0800b141   Thumb Code   134  tasks.o(i.xTaskRemoveFromUnorderedEventList)
    xTaskResumeAll                           0x0800b205   Thumb Code   214  tasks.o(i.xTaskResumeAll)
    xTimerCreateTimerTask                    0x0800b329   Thumb Code    56  timers.o(i.xTimerCreateTimerTask)
    xTimerGenericCommand                     0x0800b3a1   Thumb Code   118  timers.o(i.xTimerGenericCommand)
    xTimerPendFunctionCallFromISR            0x0800b449   Thumb Code    48  timers.o(i.xTimerPendFunctionCallFromISR)
    dImuCalibParameters                      0x0800b47c   Data         162  d_imu.o(.constdata)
    asc2_1206                                0x0800b51e   Data        1140  lcd.o(.constdata)
    asc2_1608                                0x0800b992   Data        1520  lcd.o(.constdata)
    asc2_2412                                0x0800bf82   Data        3420  lcd.o(.constdata)
    Region$$Table$$Base                      0x0800cce0   Number         0  anon$$obj.o(Region$$Table)
    Region$$Table$$Limit                     0x0800cd10   Number         0  anon$$obj.o(Region$$Table)
    commData                                 0x10000000   Data        4380  comm.o(.ccm)
    p                                        0x1000111c   Data        1176  config.o(.ccm)
    dImuData                                 0x100015b4   Data          56  d_imu.o(.ccm)
    supervisorData                           0x100015ec   Data          16  supervisor.o(.ccm)
    uwbData                                  0x100015fc   Data         168  uwb.o(.ccm)
    pwmData                                  0x100016a4   Data          16  pwm.o(.ccm)
    sh79f329Data                             0x100016b8   Data          40  sh79f329.o(.ccm)
    sdioData                                 0x100016e0   Data         256  sdio.o(.ccm)
    dIMUTaskHandle                           0x20000000   Data           4  d_imu.o(.data)
    EventGroupHandler                        0x20000004   Data           4  d_imu.o(.data)
    iicTimeout                               0x20000008   Data           4  hmc5983.o(.data)
    initTask_Handler                         0x20000014   Data           4  main.o(.data)
    initTask_uxHighWaterMark                 0x20000018   Data           4  main.o(.data)
    serialPort1                              0x2000001c   Data           4  serial.o(.data)
    serialPort2                              0x20000020   Data           4  serial.o(.data)
    serialPort3                              0x20000024   Data           4  serial.o(.data)
    serialPort4                              0x20000028   Data           4  serial.o(.data)
    serialPort5                              0x2000002c   Data           4  serial.o(.data)
    serialPort6                              0x20000030   Data           4  serial.o(.data)
    serialSTDIO                              0x20000034   Data           4  serial.o(.data)
    supervisoTaskHandle                      0x20000038   Data           4  supervisor.o(.data)
    FreeRTOSRunTimeTicks                     0x20000040   Data           8  tick.o(.data)
    lat                                      0x20000048   Data           4  sh79f329.o(.data)
    lon                                      0x2000004c   Data           4  sh79f329.o(.data)
    lat_double                               0x20000050   Data           8  sh79f329.o(.data)
    lon_double                               0x20000058   Data           8  sh79f329.o(.data)
    sh79f329TaskHandle                       0x20000060   Data           4  sh79f329.o(.data)
    pxCurrentTCB                             0x20000064   Data           4  tasks.o(.data)
    __stdout                                 0x200000e8   Data           4  usart.o(.data)
    USART_RX_STA                             0x200000ec   Data           2  usart.o(.data)
    POINT_COLOR                              0x200000ee   Data           2  lcd.o(.data)
    BACK_COLOR                               0x200000f0   Data           2  lcd.o(.data)
    SET_TEST_MODE                            0x200000f4   Data           4  usbd_core.o(.data)
    USBD_DCD_INT_cb                          0x200000f8   Data          44  usbd_core.o(.data)
    USBD_DCD_INT_fops                        0x20000124   Data           4  usbd_core.o(.data)
    USBD_ep_status                           0x20000128   Data           4  usbd_req.o(.data)
    USBD_default_cfg                         0x2000012c   Data           4  usbd_req.o(.data)
    USBD_cfg_status                          0x20000130   Data           4  usbd_req.o(.data)
    extData                                  0x20000138   Data          92  ext_irq.o(.bss)
    mpu6000Data                              0x20000194   Data        1424  mpu6000.o(.bss)
    rccClocks                                0x20000724   Data          16  rcc.o(.bss)
    spiData                                  0x20000734   Data         360  spi.o(.bss)
    xQueueRegistry                           0x2000089c   Data          64  queue.o(.bss)
    lcddev                                   0x20005be8   Data          14  lcd.o(.bss)
    USB_OTG_dev                              0x20005bf8   Data        1524  usb.o(.bss)
    __initial_sp                             0x200071f0   Data           0  startup_stm32f40_41xxx.o(STACK)



==============================================================================

Memory Map of the image

  Image Entry point : 0x08000189

  Load Region LR_IROM1 (Base: 0x08000000, Size: 0x0000e628, Max: 0x00100000, ABSOLUTE, COMPRESSED[0x0000cd9c])

    Execution Region ER_IROM1 (Base: 0x08000000, Size: 0x0000cd10, Max: 0x00100000, ABSOLUTE)

    Base Addr    Size         Type   Attr      Idx    E Section Name        Object

    0x08000000   0x00000188   Data   RO         3533    RESET               startup_stm32f40_41xxx.o
    0x08000188   0x00000000   Code   RO        12181  * .ARM.Collect$$$$00000000  mc_w.l(entry.o)
    0x08000188   0x00000004   Code   RO        12597    .ARM.Collect$$$$00000001  mc_w.l(entry2.o)
    0x0800018c   0x00000004   Code   RO        12600    .ARM.Collect$$$$00000004  mc_w.l(entry5.o)
    0x08000190   0x00000000   Code   RO        12602    .ARM.Collect$$$$00000008  mc_w.l(entry7b.o)
    0x08000190   0x00000000   Code   RO        12604    .ARM.Collect$$$$0000000A  mc_w.l(entry8b.o)
    0x08000190   0x00000008   Code   RO        12605    .ARM.Collect$$$$0000000B  mc_w.l(entry9a.o)
    0x08000198   0x00000000   Code   RO        12607    .ARM.Collect$$$$0000000D  mc_w.l(entry10a.o)
    0x08000198   0x00000000   Code   RO        12609    .ARM.Collect$$$$0000000F  mc_w.l(entry11a.o)
    0x08000198   0x00000004   Code   RO        12598    .ARM.Collect$$$$00002712  mc_w.l(entry2.o)
    0x0800019c   0x000000b6   Code   RO         4443    .emb_text           port.o
    0x08000252   0x00000002   PAD
    0x08000254   0x00000024   Code   RO         3534    .text               startup_stm32f40_41xxx.o
    0x08000278   0x00000024   Code   RO        12186    .text               mc_w.l(memcpya.o)
    0x0800029c   0x00000024   Code   RO        12188    .text               mc_w.l(memseta.o)
    0x080002c0   0x0000014e   Code   RO        12505    .text               mf_w.l(dadd.o)
    0x0800040e   0x000000e4   Code   RO        12507    .text               mf_w.l(dmul.o)
    0x080004f2   0x000000de   Code   RO        12509    .text               mf_w.l(ddiv.o)
    0x080005d0   0x0000001a   Code   RO        12515    .text               mf_w.l(dfltui.o)
    0x080005ea   0x00000032   Code   RO        12519    .text               mf_w.l(dfixui.o)
    0x0800061c   0x0000002c   Code   RO        12611    .text               mc_w.l(uidiv.o)
    0x08000648   0x00000062   Code   RO        12613    .text               mc_w.l(uldiv.o)
    0x080006aa   0x0000001e   Code   RO        12615    .text               mc_w.l(llshl.o)
    0x080006c8   0x00000020   Code   RO        12617    .text               mc_w.l(llushr.o)
    0x080006e8   0x00000024   Code   RO        12619    .text               mc_w.l(llsshr.o)
    0x0800070c   0x00000000   Code   RO        12640    .text               mc_w.l(iusefp.o)
    0x0800070c   0x000000ba   Code   RO        12643    .text               mf_w.l(depilogue.o)
    0x080007c6   0x00000030   Code   RO        12653    .text               mf_w.l(dfixul.o)
    0x080007f6   0x00000002   PAD
    0x080007f8   0x00000030   Code   RO        12655    .text               mf_w.l(cdrcmple.o)
    0x08000828   0x00000024   Code   RO        12659    .text               mc_w.l(init.o)
    0x0800084c   0x00000056   Code   RO        12706    .text               mc_w.l(__dczerorl2.o)
    0x080008a2   0x00000004   Code   RO         3436    i.BusFault_Handler  stm32f4xx_it.o
    0x080008a6   0x00000008   Code   RO          404    i.CRYP_IRQHandler   comm.o
    0x080008ae   0x00000002   PAD
    0x080008b0   0x00000134   Code   RO        10133    i.CmdResp1Error     sdio.o
    0x080009e4   0x00000048   Code   RO        10921    i.DCD_EP_ClrStall   usb_dcd.o
    0x08000a2c   0x00000068   Code   RO        10923    i.DCD_EP_Open       usb_dcd.o
    0x08000a94   0x00000052   Code   RO        10924    i.DCD_EP_PrepareRx  usb_dcd.o
    0x08000ae6   0x0000001c   Code   RO        10925    i.DCD_EP_SetAddress  usb_dcd.o
    0x08000b02   0x00000048   Code   RO        10926    i.DCD_EP_Stall      usb_dcd.o
    0x08000b4a   0x0000004e   Code   RO        10927    i.DCD_EP_Tx         usb_dcd.o
    0x08000b98   0x00000066   Code   RO        11018    i.DCD_HandleEnumDone_ISR  usb_dcd_int.o
    0x08000bfe   0x00000002   PAD
    0x08000c00   0x00000144   Code   RO        11019    i.DCD_HandleInEP_ISR  usb_dcd_int.o
    0x08000d44   0x00000100   Code   RO        11020    i.DCD_HandleOutEP_ISR  usb_dcd_int.o
    0x08000e44   0x00000068   Code   RO        11021    i.DCD_HandleResume_ISR  usb_dcd_int.o
    0x08000eac   0x000000b0   Code   RO        11022    i.DCD_HandleRxStatusQueueLevel_ISR  usb_dcd_int.o
    0x08000f5c   0x0000002c   Code   RO        11023    i.DCD_HandleSof_ISR  usb_dcd_int.o
    0x08000f88   0x000000a8   Code   RO        11024    i.DCD_HandleUSBSuspend_ISR  usb_dcd_int.o
    0x08001030   0x00000104   Code   RO        11025    i.DCD_HandleUsbReset_ISR  usb_dcd_int.o
    0x08001134   0x0000002c   Code   RO        11026    i.DCD_IsoINIncomplete_ISR  usb_dcd_int.o
    0x08001160   0x0000002c   Code   RO        11027    i.DCD_IsoOUTIncomplete_ISR  usb_dcd_int.o
    0x0800118c   0x00000028   Code   RO        11028    i.DCD_ReadDevInEP   usb_dcd_int.o
    0x080011b4   0x000000ae   Code   RO        11029    i.DCD_WriteEmptyTxFifo  usb_dcd_int.o
    0x08001262   0x00000002   PAD
    0x08001264   0x00000010   Code   RO         2483    i.DCMI_IRQHandler   spi.o
    0x08001274   0x00000020   Code   RO         2269    i.DMA1_Stream3_IRQHandler  serial.o
    0x08001294   0x00000020   Code   RO         2270    i.DMA1_Stream6_IRQHandler  serial.o
    0x080012b4   0x00000010   Code   RO         2484    i.DMA2_Stream0_IRQHandler  spi.o
    0x080012c4   0x00000008   Code   RO        10138    i.DMA2_Stream3_IRQHandler  sdio.o
    0x080012cc   0x00000020   Code   RO         2271    i.DMA2_Stream6_IRQHandler  serial.o
    0x080012ec   0x00000020   Code   RO         2272    i.DMA2_Stream7_IRQHandler  serial.o
    0x0800130c   0x00000034   Code   RO         5674    i.DMA_ClearFlag     stm32f4xx_dma.o
    0x08001340   0x00000034   Code   RO         5675    i.DMA_ClearITPendingBit  stm32f4xx_dma.o
    0x08001374   0x00000016   Code   RO         5676    i.DMA_Cmd           stm32f4xx_dma.o
    0x0800138a   0x00000002   Code   RO         3437    i.DebugMon_Handler  stm32f4xx_it.o
    0x0800138c   0x00000010   Code   RO         2485    i.ETH_IRQHandler    spi.o
    0x0800139c   0x00000010   Code   RO         2486    i.ETH_WKUP_IRQHandler  spi.o
    0x080013ac   0x00000020   Code   RO         1014    i.EXTI0_IRQHandler  ext_irq.o
    0x080013cc   0x000000d0   Code   RO         1015    i.EXTI15_10_IRQHandler  ext_irq.o
    0x0800149c   0x00000020   Code   RO         1016    i.EXTI1_IRQHandler  ext_irq.o
    0x080014bc   0x00000020   Code   RO         1017    i.EXTI2_IRQHandler  ext_irq.o
    0x080014dc   0x00000020   Code   RO         1018    i.EXTI3_IRQHandler  ext_irq.o
    0x080014fc   0x00000020   Code   RO         1019    i.EXTI4_IRQHandler  ext_irq.o
    0x0800151c   0x000000a8   Code   RO         1020    i.EXTI9_5_IRQHandler  ext_irq.o
    0x080015c4   0x0000000c   Code   RO         5963    i.EXTI_ClearITPendingBit  stm32f4xx_exti.o
    0x080015d0   0x00000034   Code   RO         9482    i.FSMC_NORSRAMCmd   stm32f4xx_fsmc.o
    0x08001604   0x000000e6   Code   RO         9484    i.FSMC_NORSRAMInit  stm32f4xx_fsmc.o
    0x080016ea   0x00000090   Code   RO         6341    i.GPIO_Init         stm32f4xx_gpio.o
    0x0800177a   0x00000046   Code   RO         6342    i.GPIO_PinAFConfig  stm32f4xx_gpio.o
    0x080017c0   0x00000012   Code   RO         6345    i.GPIO_ReadInputDataBit  stm32f4xx_gpio.o
    0x080017d2   0x00000012   Code   RO         6350    i.GPIO_StructInit   stm32f4xx_gpio.o
    0x080017e4   0x0000017c   Code   RO         1369    i.HMC5883L_I2C_BufferRead  hmc5983.o
    0x08001960   0x00000094   Code   RO         1371    i.HMC5883L_I2C_Init  hmc5983.o
    0x080019f4   0x00000004   Code   RO         3438    i.HardFault_Handler  stm32f4xx_it.o
    0x080019f8   0x00000018   Code   RO         6629    i.I2C_AcknowledgeConfig  stm32f4xx_i2c.o
    0x08001a10   0x0000002a   Code   RO         6632    i.I2C_CheckEvent    stm32f4xx_i2c.o
    0x08001a3a   0x00000018   Code   RO         6635    i.I2C_Cmd           stm32f4xx_i2c.o
    0x08001a52   0x00000018   Code   RO         6643    i.I2C_GenerateSTART  stm32f4xx_i2c.o
    0x08001a6a   0x00000018   Code   RO         6644    i.I2C_GenerateSTOP  stm32f4xx_i2c.o
    0x08001a82   0x0000003a   Code   RO         6645    i.I2C_GetFlagStatus  stm32f4xx_i2c.o
    0x08001abc   0x000000e8   Code   RO         6650    i.I2C_Init          stm32f4xx_i2c.o
    0x08001ba4   0x00000008   Code   RO         6655    i.I2C_ReceiveData   stm32f4xx_i2c.o
    0x08001bac   0x00000010   Code   RO         6657    i.I2C_Send7bitAddress  stm32f4xx_i2c.o
    0x08001bbc   0x00000004   Code   RO         6658    i.I2C_SendData      stm32f4xx_i2c.o
    0x08001bc0   0x000000c8   Code   RO         9905    i.KEY_Scan          key.o
    0x08001c88   0x0000006c   Code   RO         9682    i.LCD_Clear         lcd.o
    0x08001cf4   0x000001c0   Code   RO         9686    i.LCD_Display_Dir   lcd.o
    0x08001eb4   0x00000180   Code   RO         9691    i.LCD_Fast_DrawPoint  lcd.o
    0x08002034   0x00003954   Code   RO         9693    i.LCD_Init          lcd.o
    0x08005988   0x00000014   Code   RO         9695    i.LCD_RD_DATA       lcd.o
    0x0800599c   0x00000016   Code   RO         9697    i.LCD_ReadReg       lcd.o
    0x080059b2   0x00000002   PAD
    0x080059b4   0x00000060   Code   RO         9698    i.LCD_SSD_BackLightSet  lcd.o
    0x08005a14   0x000002ec   Code   RO         9699    i.LCD_Scan_Dir      lcd.o
    0x08005d00   0x000001a8   Code   RO         9700    i.LCD_SetCursor     lcd.o
    0x08005ea8   0x00000128   Code   RO         9702    i.LCD_ShowChar      lcd.o
    0x08005fd0   0x00000066   Code   RO         9704    i.LCD_ShowString    lcd.o
    0x08006036   0x00000002   PAD
    0x08006038   0x00000018   Code   RO         9706    i.LCD_WR_DATA       lcd.o
    0x08006050   0x00000018   Code   RO         9707    i.LCD_WR_REG        lcd.o
    0x08006068   0x00000014   Code   RO         9709    i.LCD_WriteRAM_Prepare  lcd.o
    0x0800607c   0x00000014   Code   RO         9710    i.LCD_WriteReg      lcd.o
    0x08006090   0x00000004   Code   RO         3439    i.MemManage_Handler  stm32f4xx_it.o
    0x08006094   0x00000002   Code   RO         3440    i.NMI_Handler       stm32f4xx_it.o
    0x08006096   0x00000002   PAD
    0x08006098   0x00000014   Code   RO         4602    i.NVIC_PriorityGroupConfig  misc.o
    0x080060ac   0x00000010   Code   RO        10454    i.OTG_FS_IRQHandler  usb.o
    0x080060bc   0x00000030   Code   RO        10455    i.OTG_FS_WKUP_IRQHandler  usb.o
    0x080060ec   0x00000020   Code   RO         7267    i.RCC_AHB1PeriphClockCmd  stm32f4xx_rcc.o
    0x0800610c   0x00000020   Code   RO         7273    i.RCC_AHB3PeriphClockCmd  stm32f4xx_rcc.o
    0x0800612c   0x00000020   Code   RO         7276    i.RCC_APB1PeriphClockCmd  stm32f4xx_rcc.o
    0x0800614c   0x00000020   Code   RO         7279    i.RCC_APB2PeriphClockCmd  stm32f4xx_rcc.o
    0x0800616c   0x00000014   Code   RO         7284    i.RCC_ClearFlag     stm32f4xx_rcc.o
    0x08006180   0x000000e8   Code   RO         7288    i.RCC_GetClocksFreq  stm32f4xx_rcc.o
    0x08006268   0x0000000c   Code   RO         8201    i.SDIO_ClearFlag    stm32f4xx_sdio.o
    0x08006274   0x0000000c   Code   RO         8202    i.SDIO_ClearITPendingBit  stm32f4xx_sdio.o
    0x08006280   0x0000000c   Code   RO         8210    i.SDIO_GetCommandResponse  stm32f4xx_sdio.o
    0x0800628c   0x00000018   Code   RO         8214    i.SDIO_GetITStatus  stm32f4xx_sdio.o
    0x080062a4   0x00000018   Code   RO         8216    i.SDIO_GetResponse  stm32f4xx_sdio.o
    0x080062bc   0x00000008   Code   RO        10141    i.SDIO_IRQHandler   sdio.o
    0x080062c4   0x00000020   Code   RO         8217    i.SDIO_ITConfig     stm32f4xx_sdio.o
    0x080062e4   0x0000002c   Code   RO         8221    i.SDIO_SendCommand  stm32f4xx_sdio.o
    0x08006310   0x00000020   Code   RO        10156    i.SD_ProcessDMAIRQ  sdio.o
    0x08006330   0x000000f8   Code   RO        10157    i.SD_ProcessIRQSrc  sdio.o
    0x08006428   0x00000030   Code   RO        10163    i.SD_StopTransfer   sdio.o
    0x08006458   0x00000018   Code   RO         8425    i.SPI_Cmd           stm32f4xx_spi.o
    0x08006470   0x00000006   Code   RO         8436    i.SPI_I2S_ReceiveData  stm32f4xx_spi.o
    0x08006476   0x00000002   PAD
    0x08006478   0x0000000c   Code   RO         8587    i.SYSCFG_CompensationCellCmd  stm32f4xx_syscfg.o
    0x08006484   0x000000ec   Code   RO         3493    i.SetSysClock       system_stm32f4xx.o
    0x08006570   0x00000034   Code   RO         4444    i.SysTick_Handler   port.o
    0x080065a4   0x00000068   Code   RO         3495    i.SystemInit        system_stm32f4xx.o
    0x0800660c   0x00000034   Code   RO         2857    i.TIM7_IRQHandler   tick.o
    0x08006640   0x00000098   Code   RO          755    i.TIM8_BRK_TIM12_IRQHandler  d_imu.o
    0x080066d8   0x00000006   Code   RO         8658    i.TIM_ClearITPendingBit  stm32f4xx_tim.o
    0x080066de   0x00000018   Code   RO         8663    i.TIM_Cmd           stm32f4xx_tim.o
    0x080066f6   0x00000022   Code   RO         8684    i.TIM_GetITStatus   stm32f4xx_tim.o
    0x08006718   0x00000084   Code   RO         8735    i.TIM_TimeBaseInit  stm32f4xx_tim.o
    0x0800679c   0x0000004c   Code   RO         2858    i.TickInit          tick.o
    0x080067e8   0x00000068   Code   RO         2273    i.UART4_IRQHandler  serial.o
    0x08006850   0x00000068   Code   RO         2274    i.UART5_IRQHandler  serial.o
    0x080068b8   0x00000068   Code   RO         2275    i.USART1_IRQHandler  serial.o
    0x08006920   0x00000068   Code   RO         2276    i.USART2_IRQHandler  serial.o
    0x08006988   0x00000068   Code   RO         2277    i.USART3_IRQHandler  serial.o
    0x080069f0   0x00000068   Code   RO         2278    i.USART6_IRQHandler  serial.o
    0x08006a58   0x0000004a   Code   RO         9223    i.USART_ITConfig    stm32f4xx_usart.o
    0x08006aa2   0x00000016   Code   RO        11196    i.USBD_ClrCfg       usbd_core.o
    0x08006ab8   0x00000048   Code   RO        11686    i.USBD_ClrFeature   usbd_req.o
    0x08006b00   0x0000001e   Code   RO        11375    i.USBD_CtlContinueRx  usbd_ioreq.o
    0x08006b1e   0x0000001e   Code   RO        11376    i.USBD_CtlContinueSendData  usbd_ioreq.o
    0x08006b3c   0x0000001e   Code   RO        11687    i.USBD_CtlError     usbd_req.o
    0x08006b5a   0x00000024   Code   RO        11378    i.USBD_CtlReceiveStatus  usbd_ioreq.o
    0x08006b7e   0x0000002e   Code   RO        11379    i.USBD_CtlSendData  usbd_ioreq.o
    0x08006bac   0x00000024   Code   RO        11380    i.USBD_CtlSendStatus  usbd_ioreq.o
    0x08006bd0   0x000000d0   Code   RO        11197    i.USBD_DataInStage  usbd_core.o
    0x08006ca0   0x00000096   Code   RO        11198    i.USBD_DataOutStage  usbd_core.o
    0x08006d36   0x00000002   PAD
    0x08006d38   0x00000054   Code   RO        11688    i.USBD_GetConfig    usbd_req.o
    0x08006d8c   0x0000012c   Code   RO        11689    i.USBD_GetDescriptor  usbd_req.o
    0x08006eb8   0x00000050   Code   RO        11691    i.USBD_GetStatus    usbd_req.o
    0x08006f08   0x00000012   Code   RO        11201    i.USBD_IsoINIncomplete  usbd_core.o
    0x08006f1a   0x00000012   Code   RO        11202    i.USBD_IsoOUTIncomplete  usbd_core.o
    0x08006f2c   0x000000e0   Code   RO        11030    i.USBD_OTG_ISR_Handler  usb_dcd_int.o
    0x0800700c   0x00000048   Code   RO        11693    i.USBD_ParseSetupRequest  usbd_req.o
    0x08007054   0x00000032   Code   RO        11203    i.USBD_Reset        usbd_core.o
    0x08007086   0x0000001e   Code   RO        11204    i.USBD_Resume       usbd_core.o
    0x080070a4   0x00000014   Code   RO        11205    i.USBD_RunTestMode  usbd_core.o
    0x080070b8   0x0000001a   Code   RO        11206    i.USBD_SOF          usbd_core.o
    0x080070d2   0x0000005c   Code   RO        11694    i.USBD_SetAddress   usbd_req.o
    0x0800712e   0x0000001e   Code   RO        11207    i.USBD_SetCfg       usbd_core.o
    0x0800714c   0x000000d0   Code   RO        11695    i.USBD_SetConfig    usbd_req.o
    0x0800721c   0x000000a4   Code   RO        11696    i.USBD_SetFeature   usbd_req.o
    0x080072c0   0x00000054   Code   RO        11208    i.USBD_SetupStage   usbd_core.o
    0x08007314   0x00000072   Code   RO        11697    i.USBD_StdDevReq    usbd_req.o
    0x08007386   0x00000002   PAD
    0x08007388   0x0000015c   Code   RO        11698    i.USBD_StdEPReq     usbd_req.o
    0x080074e4   0x0000004c   Code   RO        11699    i.USBD_StdItfReq    usbd_req.o
    0x08007530   0x00000020   Code   RO        11209    i.USBD_Suspend      usbd_core.o
    0x08007550   0x0000001e   Code   RO        10636    i.USB_OTG_BSP_uDelay  usb_bsp.o
    0x0800756e   0x0000006a   Code   RO        10687    i.USB_OTG_EP0Activate  usb_core.o
    0x080075d8   0x00000156   Code   RO        10688    i.USB_OTG_EP0StartXfer  usb_core.o
    0x0800772e   0x00000062   Code   RO        10689    i.USB_OTG_EP0_OutStart  usb_core.o
    0x08007790   0x00000098   Code   RO        10690    i.USB_OTG_EPActivate  usb_core.o
    0x08007828   0x00000050   Code   RO        10691    i.USB_OTG_EPClearStall  usb_core.o
    0x08007878   0x00000064   Code   RO        10693    i.USB_OTG_EPSetStall  usb_core.o
    0x080078dc   0x000001f6   Code   RO        10694    i.USB_OTG_EPStartXfer  usb_core.o
    0x08007ad2   0x00000002   PAD
    0x08007ad4   0x00000054   Code   RO        10699    i.USB_OTG_FlushTxFifo  usb_core.o
    0x08007b28   0x00000034   Code   RO        10700    i.USB_OTG_GetDeviceSpeed  usb_core.o
    0x08007b5c   0x0000000c   Code   RO        10702    i.USB_OTG_GetMode   usb_core.o
    0x08007b68   0x00000016   Code   RO        10704    i.USB_OTG_IsDeviceMode  usb_core.o
    0x08007b7e   0x00000010   Code   RO        10706    i.USB_OTG_ReadCoreItr  usb_core.o
    0x08007b8e   0x00000010   Code   RO        10707    i.USB_OTG_ReadDevAllInEPItr  usb_core.o
    0x08007b9e   0x00000010   Code   RO        10708    i.USB_OTG_ReadDevAllOutEp_itr  usb_core.o
    0x08007bae   0x00000014   Code   RO        10709    i.USB_OTG_ReadDevOutEP_itr  usb_core.o
    0x08007bc2   0x00000028   Code   RO        10711    i.USB_OTG_ReadPacket  usb_core.o
    0x08007bea   0x00000036   Code   RO        10716    i.USB_OTG_UngateClock  usb_core.o
    0x08007c20   0x00000040   Code   RO        10717    i.USB_OTG_WritePacket  usb_core.o
    0x08007c60   0x00000004   Code   RO         3441    i.UsageFault_Handler  stm32f4xx_it.o
    0x08007c64   0x00000020   Code   RO        12435    i.__0printf         mc_w.l(printfa.o)
    0x08007c84   0x00000028   Code   RO        12437    i.__0sprintf        mc_w.l(printfa.o)
    0x08007cac   0x0000000e   Code   RO        12700    i.__scatterload_copy  mc_w.l(handlers.o)
    0x08007cba   0x00000002   Code   RO        12701    i.__scatterload_null  mc_w.l(handlers.o)
    0x08007cbc   0x0000000e   Code   RO        12702    i.__scatterload_zeroinit  mc_w.l(handlers.o)
    0x08007cca   0x00000002   PAD
    0x08007ccc   0x0000007c   Code   RO          405    i._commSchedule     comm.o
    0x08007d48   0x00000164   Code   RO        12442    i._fp_digits        mc_w.l(printfa.o)
    0x08007eac   0x000006dc   Code   RO        12443    i._printf_core      mc_w.l(printfa.o)
    0x08008588   0x00000024   Code   RO        12444    i._printf_post_padding  mc_w.l(printfa.o)
    0x080085ac   0x0000002e   Code   RO        12445    i._printf_pre_padding  mc_w.l(printfa.o)
    0x080085da   0x0000003c   Code   RO         2281    i._serialStartTxDMA  serial.o
    0x08008616   0x0000000a   Code   RO        12447    i._sputc            mc_w.l(printfa.o)
    0x08008620   0x00000024   Code   RO          413    i.commNotice        comm.o
    0x08008644   0x00000020   Code   RO          419    i.commSchedule      comm.o
    0x08008664   0x00000020   Code   RO          426    i.commTxFinished    comm.o
    0x08008684   0x000001c0   Code   RO          764    i.dIMUTare          d_imu.o
    0x08008844   0x00000012   Code   RO         2859    i.delay             tick.o
    0x08008856   0x00000002   PAD
    0x08008858   0x00000018   Code   RO         2860    i.delay_micros      tick.o
    0x08008870   0x0000007a   Code   RO          853    i.digitalInit       digital.o
    0x080088ea   0x00000002   PAD
    0x080088ec   0x0000001c   Code   RO         9632    i.fputc             usart.o
    0x08008908   0x00000008   Code   RO         1376    i.hmc5983PreInit    hmc5983.o
    0x08008910   0x0000002c   Code   RO         1543    i.init_task         main.o
    0x0800893c   0x00000040   Code   RO         1544    i.main              main.o
    0x0800897c   0x00000098   Code   RO         3955    i.prvAddCurrentTaskToDelayedList  tasks.o
    0x08008a14   0x000000b4   Code   RO         3956    i.prvAddNewTaskToReadyList  tasks.o
    0x08008ac8   0x00000064   Code   RO         4297    i.prvCheckForValidListAndQueue  timers.o
    0x08008b2c   0x00000064   Code   RO         3957    i.prvCheckTasksWaitingTermination  tasks.o
    0x08008b90   0x0000002a   Code   RO         3724    i.prvCopyDataFromQueue  queue.o
    0x08008bba   0x0000007c   Code   RO         3725    i.prvCopyDataToQueue  queue.o
    0x08008c36   0x00000012   Code   RO         3958    i.prvDeleteTCB      tasks.o
    0x08008c48   0x00000028   Code   RO         4298    i.prvGetNextExpireTime  timers.o
    0x08008c70   0x0000007c   Code   RO         4536    i.prvHeapInit       heap_4.o
    0x08008cec   0x00000028   Code   RO         3959    i.prvIdleTask       tasks.o
    0x08008d14   0x0000002a   Code   RO         3727    i.prvInitialiseNewQueue  queue.o
    0x08008d3e   0x00000002   PAD
    0x08008d40   0x000000d4   Code   RO         3960    i.prvInitialiseNewTask  tasks.o
    0x08008e14   0x00000068   Code   RO         3961    i.prvInitialiseTaskLists  tasks.o
    0x08008e7c   0x00000068   Code   RO         4537    i.prvInsertBlockIntoFreeList  heap_4.o
    0x08008ee4   0x00000058   Code   RO         4300    i.prvInsertTimerInActiveList  timers.o
    0x08008f3c   0x0000001a   Code   RO         3728    i.prvIsQueueEmpty   queue.o
    0x08008f56   0x0000001e   Code   RO         3729    i.prvIsQueueFull    queue.o
    0x08008f74   0x000000a4   Code   RO         3730    i.prvNotifyQueueSetContainer  queue.o
    0x08009018   0x00000084   Code   RO         4301    i.prvProcessExpiredTimer  timers.o
    0x0800909c   0x00000130   Code   RO         4302    i.prvProcessReceivedCommands  timers.o
    0x080091cc   0x00000074   Code   RO         4303    i.prvProcessTimerOrBlockTask  timers.o
    0x08009240   0x00000034   Code   RO         3962    i.prvResetNextTaskUnblockTime  tasks.o
    0x08009274   0x0000002c   Code   RO         4304    i.prvSampleTimeNow  timers.o
    0x080092a0   0x000000c0   Code   RO         4305    i.prvSwitchTimerLists  timers.o
    0x08009360   0x00000078   Code   RO         4445    i.prvTaskExitError  port.o
    0x080093d8   0x0000001a   Code   RO         4306    i.prvTimerTask      timers.o
    0x080093f2   0x00000092   Code   RO         3731    i.prvUnlockQueue    queue.o
    0x08009484   0x00000158   Code   RO         4538    i.pvPortMalloc      heap_4.o
    0x080095dc   0x00000020   Code   RO         3965    i.pvTaskIncrementMutexHeldCount  tasks.o
    0x080095fc   0x0000002c   Code   RO         4446    i.pxPortInitialiseStack  port.o
    0x08009628   0x00000048   Code   RO         2188    i.rccConfiguration  rcc.o
    0x08009670   0x0000002c   Code   RO         1382    i.sh79f329GetReg    hmc5983.o
    0x0800969c   0x000000e8   Code   RO         3395    i.sh79f329Init      sh79f329.o
    0x08009784   0x000000c8   Code   RO         3396    i.sh79f329TaskCode  sh79f329.o
    0x0800984c   0x00000008   Code   RO         2491    i.spiDeselect       spi.o
    0x08009854   0x00000026   Code   RO         2492    i.spiDisableDMA     spi.o
    0x0800987a   0x0000002a   Code   RO         2493    i.spiDisableSPI     spi.o
    0x080098a4   0x00000064   Code   RO         2494    i.spiEndTxn         spi.o
    0x08009908   0x00000020   Code   RO         2495    i.spiNotify         spi.o
    0x08009928   0x00000008   Code   RO         2496    i.spiSelect         spi.o
    0x08009930   0x000000e4   Code   RO         2497    i.spiStartTxn       spi.o
    0x08009a14   0x0000002c   Code   RO         2499    i.spiTriggerSchedule  spi.o
    0x08009a40   0x00000054   Code   RO         2709    i.supervisorInit    supervisor.o
    0x08009a94   0x00000010   Code   RO         2710    i.supervisorLEDsOff  supervisor.o
    0x08009aa4   0x00000010   Code   RO         2711    i.supervisorLEDsOn  supervisor.o
    0x08009ab4   0x0000001c   Code   RO         2712    i.supervisorLEDsTogg  supervisor.o
    0x08009ad0   0x00000038   Code   RO         2713    i.supervisorTare    supervisor.o
    0x08009b08   0x00000088   Code   RO         2714    i.supervisorTaskCode  supervisor.o
    0x08009b90   0x00000018   Code   RO         3074    i.utilTaskPeriodTime  util.o
    0x08009ba8   0x00000028   Code   RO         3671    i.uxListRemove      list.o
    0x08009bd0   0x00000010   Code   RO         3569    i.vEventGroupSetBitsCallback  event_groups.o
    0x08009be0   0x0000001a   Code   RO         3672    i.vListInitialise   list.o
    0x08009bfa   0x00000006   Code   RO         3673    i.vListInitialiseItem  list.o
    0x08009c00   0x00000034   Code   RO         3674    i.vListInsert       list.o
    0x08009c34   0x00000018   Code   RO         3675    i.vListInsertEnd    list.o
    0x08009c4c   0x0000008c   Code   RO         4448    i.vPortEnterCritical  port.o
    0x08009cd8   0x00000074   Code   RO         4449    i.vPortExitCritical  port.o
    0x08009d4c   0x000000bc   Code   RO         4539    i.vPortFree         heap_4.o
    0x08009e08   0x00000020   Code   RO         4450    i.vPortSetupTimerInterrupt  port.o
    0x08009e28   0x000000a4   Code   RO         4451    i.vPortValidateInterruptPriority  port.o
    0x08009ecc   0x0000002c   Code   RO         3735    i.vQueueAddToRegistry  queue.o
    0x08009ef8   0x0000004a   Code   RO         3738    i.vQueueWaitForMessageRestricted  queue.o
    0x08009f42   0x00000002   PAD
    0x08009f44   0x00000078   Code   RO         3972    i.vTaskDelay        tasks.o
    0x08009fbc   0x000000e0   Code   RO         3973    i.vTaskDelayUntil   tasks.o
    0x0800a09c   0x00000110   Code   RO         3974    i.vTaskDelete       tasks.o
    0x0800a1ac   0x0000000c   Code   RO         3976    i.vTaskMissedYield  tasks.o
    0x0800a1b8   0x00000058   Code   RO         3978    i.vTaskPlaceOnEventList  tasks.o
    0x0800a210   0x00000060   Code   RO         3979    i.vTaskPlaceOnEventListRestricted  tasks.o
    0x0800a270   0x000000b0   Code   RO         3981    i.vTaskPriorityInherit  tasks.o
    0x0800a320   0x00000050   Code   RO         3984    i.vTaskSetTimeOutState  tasks.o
    0x0800a370   0x000000b0   Code   RO         3985    i.vTaskStartScheduler  tasks.o
    0x0800a420   0x00000010   Code   RO         3987    i.vTaskSuspendAll   tasks.o
    0x0800a430   0x000000ac   Code   RO         3988    i.vTaskSwitchContext  tasks.o
    0x0800a4dc   0x0000001a   Code   RO         3571    i.xEventGroupCreate  event_groups.o
    0x0800a4f6   0x00000002   PAD
    0x0800a4f8   0x000000ec   Code   RO         3573    i.xEventGroupSetBits  event_groups.o
    0x0800a5e4   0x00000160   Code   RO         4452    i.xPortStartScheduler  port.o
    0x0800a744   0x00000078   Code   RO         3743    i.xQueueGenericCreate  queue.o
    0x0800a7bc   0x000001cc   Code   RO         3744    i.xQueueGenericReceive  queue.o
    0x0800a988   0x000000b4   Code   RO         3745    i.xQueueGenericReset  queue.o
    0x0800aa3c   0x000001c8   Code   RO         3746    i.xQueueGenericSend  queue.o
    0x0800ac04   0x00000114   Code   RO         3747    i.xQueueGenericSendFromISR  queue.o
    0x0800ad18   0x000000a4   Code   RO         3989    i.xTaskCheckForTimeOut  tasks.o
    0x0800adbc   0x00000060   Code   RO         3990    i.xTaskCreate       tasks.o
    0x0800ae1c   0x00000020   Code   RO         3994    i.xTaskGetSchedulerState  tasks.o
    0x0800ae3c   0x0000000c   Code   RO         3995    i.xTaskGetTickCount  tasks.o
    0x0800ae48   0x00000164   Code   RO         3997    i.xTaskIncrementTick  tasks.o
    0x0800afac   0x000000dc   Code   RO         4000    i.xTaskPriorityDisinherit  tasks.o
    0x0800b088   0x000000b8   Code   RO         4001    i.xTaskRemoveFromEventList  tasks.o
    0x0800b140   0x000000c4   Code   RO         4002    i.xTaskRemoveFromUnorderedEventList  tasks.o
    0x0800b204   0x00000124   Code   RO         4003    i.xTaskResumeAll    tasks.o
    0x0800b328   0x00000078   Code   RO         4310    i.xTimerCreateTimerTask  timers.o
    0x0800b3a0   0x000000a8   Code   RO         4311    i.xTimerGenericCommand  timers.o
    0x0800b448   0x00000034   Code   RO         4317    i.xTimerPendFunctionCallFromISR  timers.o
    0x0800b47c   0x000000a2   Data   RO          768    .constdata          d_imu.o
    0x0800b51e   0x000017c0   Data   RO         9713    .constdata          lcd.o
    0x0800ccde   0x00000002   PAD
    0x0800cce0   0x00000030   Data   RO        12698    Region$$Table       anon$$obj.o


    Execution Region RW_IRAM2 (Base: 0x10000000, Size: 0x000017e0, Max: 0x00010000, ABSOLUTE, COMPRESSED[0x00000030])

    Base Addr    Size         Type   Attr      Idx    E Section Name        Object

    0x10000000   0x0000111c   Data   RW          427    .ccm                comm.o
    0x1000111c   0x00000498   Data   RW          644    .ccm                config.o
    0x100015b4   0x00000038   Data   RW          767    .ccm                d_imu.o
    0x100015ec   0x00000010   Data   RW         2715    .ccm                supervisor.o
    0x100015fc   0x000000a8   Data   RW         3205    .ccm                uwb.o
    0x100016a4   0x00000010   Data   RW         3331    .ccm                pwm.o
    0x100016b4   0x00000004   PAD
    0x100016b8   0x00000028   Data   RW         3397    .ccm                sh79f329.o
    0x100016e0   0x00000100   Data   RW        10179    .ccm                sdio.o


    Execution Region RW_IRAM1 (Base: 0x20000000, Size: 0x000071f0, Max: 0x00020000, ABSOLUTE, COMPRESSED[0x0000005c])

    Base Addr    Size         Type   Attr      Idx    E Section Name        Object

    0x20000000   0x00000008   Data   RW          769    .data               d_imu.o
    0x20000008   0x0000000a   Data   RW         1384    .data               hmc5983.o
    0x20000012   0x00000002   PAD
    0x20000014   0x00000008   Data   RW         1545    .data               main.o
    0x2000001c   0x0000001c   Data   RW         2300    .data               serial.o
    0x20000038   0x00000004   Data   RW         2716    .data               supervisor.o
    0x2000003c   0x00000004   PAD
    0x20000040   0x00000008   Data   RW         2861    .data               tick.o
    0x20000048   0x0000001c   Data   RW         3398    .data               sh79f329.o
    0x20000064   0x0000003c   Data   RW         4006    .data               tasks.o
    0x200000a0   0x00000014   Data   RW         4319    .data               timers.o
    0x200000b4   0x0000000c   Data   RW         4453    .data               port.o
    0x200000c0   0x00000018   Data   RW         4544    .data               heap_4.o
    0x200000d8   0x00000010   Data   RW         7320    .data               stm32f4xx_rcc.o
    0x200000e8   0x00000006   Data   RW         9635    .data               usart.o
    0x200000ee   0x00000004   Data   RW         9714    .data               lcd.o
    0x200000f2   0x00000001   Data   RW         9906    .data               key.o
    0x200000f3   0x00000001   PAD
    0x200000f4   0x00000034   Data   RW        11210    .data               usbd_core.o
    0x20000128   0x0000000d   Data   RW        11701    .data               usbd_req.o
    0x20000135   0x00000003   PAD
    0x20000138   0x0000005c   Zero   RW         1022    .bss                ext_irq.o
    0x20000194   0x00000590   Zero   RW         1696    .bss                mpu6000.o
    0x20000724   0x00000010   Zero   RW         2189    .bss                rcc.o
    0x20000734   0x00000168   Zero   RW         2500    .bss                spi.o
    0x2000089c   0x00000040   Zero   RW         3758    .bss                queue.o
    0x200008dc   0x000002e4   Zero   RW         4005    .bss                tasks.o
    0x20000bc0   0x00000028   Zero   RW         4318    .bss                timers.o
    0x20000be8   0x00005000   Zero   RW         4543    .bss                heap_4.o
    0x20005be8   0x0000000e   Zero   RW         9712    .bss                lcd.o
    0x20005bf6   0x00000002   PAD
    0x20005bf8   0x000005f4   Zero   RW        10473    .bss                usb.o
    0x200061ec   0x00000004   PAD
    0x200061f0   0x00001000   Zero   RW         3531    STACK               startup_stm32f40_41xxx.o


==============================================================================

Image component sizes


      Code (inc. data)   RO Data    RW Data    ZI Data      Debug   Object Name

         0          0          0          0          0     358796   algebra.o
         0          0          0          0          0       1262   alt_ukf.o
       232         26          0       4380          0       5922   comm.o
         0          0          0       1176          0       6643   config.o
       600         50        162         64          0       3303   d_imu.o
       122          0          0          0          0       1194   digital.o
       278         50          0          0          0      13078   event_groups.o
       536         70          0          0         92       3845   ext_irq.o
         0          0          0          0          0        392   filer.o
       760        184          0         24      20480       3935   heap_4.o
       580         30          0         10          0       5415   hmc5983.o
       200         12          0          1          0        679   key.o
     17412        188       6080          4         14      20539   lcd.o
       148          0          0          0          0       3202   list.o
       108         30          0          8          0     228839   main.o
        20         10          0          0          0        567   misc.o
         0          0          0          0       1424       1254   mpu6000.o
      1202        416          0         12          0      10845   port.o
         0          0          0         16          0        716   pwm.o
      2184        262          0          0         64      13053   queue.o
        72         10          0          0         16        687   rcc.o
       652         26          0        256          0      12203   sdio.o
       812         52          0         28          0       8232   serial.o
       432        142          0         68          0       2062   sh79f329.o
       564         44          0          0        360       7501   spi.o
        36          8        392          0       4096        824   startup_stm32f40_41xxx.o
       126         28          0          0          0       3306   stm32f4xx_dma.o
        12          6          0          0          0        577   stm32f4xx_exti.o
       282          6          0          0          0       2089   stm32f4xx_fsmc.o
       250          0          0          0          0       3293   stm32f4xx_gpio.o
       456         14          0          0          0       7232   stm32f4xx_i2c.o
        20          0          0          0          0       2761   stm32f4xx_it.o
       380         48          0         16          0       6136   stm32f4xx_rcc.o
       160         34          0          0          0       6181   stm32f4xx_sdio.o
        30          0          0          0          0       1948   stm32f4xx_spi.o
        12          6          0          0          0        585   stm32f4xx_syscfg.o
       196         28          0          0          0       3407   stm32f4xx_tim.o
        74          0          0          0          0       1729   stm32f4xx_usart.o
       336        102          0         20          0       3888   supervisor.o
       340         32          0          0          0       1633   system_stm32f4xx.o
      3874       1048          0         60        740      30405   tasks.o
       170         30          0          8          0       2231   tick.o
      1382        336          0         20         40       9423   timers.o
        28          6          0          6          0       2432   usart.o
        64         14          0          0       1524      22661   usb.o
        30          0          0          0          0       1005   usb_bsp.o
      1776          4          0          0          0      12543   usb_core.o
       436          0          0          0          0       4482   usb_dcd.o
      1960         50          0          0          0       9219   usb_dcd_int.o
       688          6          0         52          0       8482   usbd_core.o
       178          0          0          0          0       3612   usbd_ioreq.o
      1640         54          0         13          0       8702   usbd_req.o
        24          6          0          0          0       1093   util.o
         0          0          0        168          0       2937   uwb.o

    ----------------------------------------------------------------------
     41906       3468       6684       6424      28856     878980   Object Totals
         0          0         48          0          0          0   (incl. Generated)
        32          0          2         14          6          0   (incl. Padding)

    ----------------------------------------------------------------------

      Code (inc. data)   RO Data    RW Data    ZI Data      Debug   Library Member Name

        86          0          0          0          0          0   __dczerorl2.o
         0          0          0          0          0          0   entry.o
         0          0          0          0          0          0   entry10a.o
         0          0          0          0          0          0   entry11a.o
         8          4          0          0          0          0   entry2.o
         4          0          0          0          0          0   entry5.o
         0          0          0          0          0          0   entry7b.o
         0          0          0          0          0          0   entry8b.o
         8          4          0          0          0          0   entry9a.o
        30          0          0          0          0          0   handlers.o
        36          8          0          0          0         68   init.o
         0          0          0          0          0          0   iusefp.o
        30          0          0          0          0         68   llshl.o
        36          0          0          0          0         68   llsshr.o
        32          0          0          0          0         68   llushr.o
        36          0          0          0          0         68   memcpya.o
        36          0          0          0          0        108   memseta.o
      2276         96          0          0          0        596   printfa.o
        44          0          0          0          0         80   uidiv.o
        98          0          0          0          0         92   uldiv.o
        48          0          0          0          0         68   cdrcmple.o
       334          0          0          0          0        148   dadd.o
       222          0          0          0          0        100   ddiv.o
       186          0          0          0          0        176   depilogue.o
        50          0          0          0          0         76   dfixui.o
        48          0          0          0          0         68   dfixul.o
        26          0          0          0          0         76   dfltui.o
       228          0          0          0          0         96   dmul.o

    ----------------------------------------------------------------------
      3906        112          0          0          0       2024   Library Totals
         4          0          0          0          0          0   (incl. Padding)

    ----------------------------------------------------------------------

      Code (inc. data)   RO Data    RW Data    ZI Data      Debug   Library Name

      2760        112          0          0          0       1216   mc_w.l
      1142          0          0          0          0        808   mf_w.l

    ----------------------------------------------------------------------
      3906        112          0          0          0       2024   Library Totals

    ----------------------------------------------------------------------

==============================================================================


      Code (inc. data)   RO Data    RW Data    ZI Data      Debug   

     45812       3580       6684       6424      28856     853496   Grand Totals
     45812       3580       6684        140      28856     853496   ELF Image Totals (compressed)
     45812       3580       6684        140          0          0   ROM Totals

==============================================================================

    Total RO  Size (Code + RO Data)                52496 (  51.27kB)
    Total RW  Size (RW Data + ZI Data)             35280 (  34.45kB)
    Total ROM Size (Code + RO Data + RW Data)      52636 (  51.40kB)

==============================================================================

